Archive member included because of file (symbol)

d:/programs/stm/truestudio for arm 5.4.0/armtools/bin/../lib/gcc/arm-atollic-eabi/4.8.3/../../../../arm-atollic-eabi/lib/armv7-m\libc.a(lib_a-atoi.o)
                              Application\User\main.o (atoi)
d:/programs/stm/truestudio for arm 5.4.0/armtools/bin/../lib/gcc/arm-atollic-eabi/4.8.3/../../../../arm-atollic-eabi/lib/armv7-m\libc.a(lib_a-init.o)
                              Application\TrueSTUDIO\startup_stm32f100xb.o (__libc_init_array)
d:/programs/stm/truestudio for arm 5.4.0/armtools/bin/../lib/gcc/arm-atollic-eabi/4.8.3/../../../../arm-atollic-eabi/lib/armv7-m\libc.a(lib_a-memset.o)
                              Drivers\STM32F1xx_HAL_Driver\stm32f1xx_hal_rcc.o (memset)
d:/programs/stm/truestudio for arm 5.4.0/armtools/bin/../lib/gcc/arm-atollic-eabi/4.8.3/../../../../arm-atollic-eabi/lib/armv7-m\libc.a(lib_a-snprintf.o)
                              Application\User\main.o (snprintf)
d:/programs/stm/truestudio for arm 5.4.0/armtools/bin/../lib/gcc/arm-atollic-eabi/4.8.3/../../../../arm-atollic-eabi/lib/armv7-m\libc.a(lib_a-strcmp.o)
                              Application\User\main.o (strcmp)
d:/programs/stm/truestudio for arm 5.4.0/armtools/bin/../lib/gcc/arm-atollic-eabi/4.8.3/../../../../arm-atollic-eabi/lib/armv7-m\libc.a(lib_a-strlen.o)
                              Application\User\main.o (strlen)
d:/programs/stm/truestudio for arm 5.4.0/armtools/bin/../lib/gcc/arm-atollic-eabi/4.8.3/../../../../arm-atollic-eabi/lib/armv7-m\libc.a(lib_a-strncmp.o)
                              Application\User\main.o (strncmp)
d:/programs/stm/truestudio for arm 5.4.0/armtools/bin/../lib/gcc/arm-atollic-eabi/4.8.3/../../../../arm-atollic-eabi/lib/armv7-m\libc.a(lib_a-strtol.o)
                              d:/programs/stm/truestudio for arm 5.4.0/armtools/bin/../lib/gcc/arm-atollic-eabi/4.8.3/../../../../arm-atollic-eabi/lib/armv7-m\libc.a(lib_a-atoi.o) (_strtol_r)
d:/programs/stm/truestudio for arm 5.4.0/armtools/bin/../lib/gcc/arm-atollic-eabi/4.8.3/../../../../arm-atollic-eabi/lib/armv7-m\libc.a(lib_a-svfprintf.o)
                              d:/programs/stm/truestudio for arm 5.4.0/armtools/bin/../lib/gcc/arm-atollic-eabi/4.8.3/../../../../arm-atollic-eabi/lib/armv7-m\libc.a(lib_a-snprintf.o) (_svfprintf_r)
d:/programs/stm/truestudio for arm 5.4.0/armtools/bin/../lib/gcc/arm-atollic-eabi/4.8.3/../../../../arm-atollic-eabi/lib/armv7-m\libc.a(lib_a-ctype_.o)
                              d:/programs/stm/truestudio for arm 5.4.0/armtools/bin/../lib/gcc/arm-atollic-eabi/4.8.3/../../../../arm-atollic-eabi/lib/armv7-m\libc.a(lib_a-strtol.o) (__ctype_ptr__)
d:/programs/stm/truestudio for arm 5.4.0/armtools/bin/../lib/gcc/arm-atollic-eabi/4.8.3/../../../../arm-atollic-eabi/lib/armv7-m\libc.a(lib_a-dtoa.o)
                              d:/programs/stm/truestudio for arm 5.4.0/armtools/bin/../lib/gcc/arm-atollic-eabi/4.8.3/../../../../arm-atollic-eabi/lib/armv7-m\libc.a(lib_a-svfprintf.o) (_dtoa_r)
d:/programs/stm/truestudio for arm 5.4.0/armtools/bin/../lib/gcc/arm-atollic-eabi/4.8.3/../../../../arm-atollic-eabi/lib/armv7-m\libc.a(lib_a-impure.o)
                              d:/programs/stm/truestudio for arm 5.4.0/armtools/bin/../lib/gcc/arm-atollic-eabi/4.8.3/../../../../arm-atollic-eabi/lib/armv7-m\libc.a(lib_a-snprintf.o) (_impure_ptr)
d:/programs/stm/truestudio for arm 5.4.0/armtools/bin/../lib/gcc/arm-atollic-eabi/4.8.3/../../../../arm-atollic-eabi/lib/armv7-m\libc.a(lib_a-locale.o)
                              d:/programs/stm/truestudio for arm 5.4.0/armtools/bin/../lib/gcc/arm-atollic-eabi/4.8.3/../../../../arm-atollic-eabi/lib/armv7-m\libc.a(lib_a-svfprintf.o) (_localeconv_r)
d:/programs/stm/truestudio for arm 5.4.0/armtools/bin/../lib/gcc/arm-atollic-eabi/4.8.3/../../../../arm-atollic-eabi/lib/armv7-m\libc.a(lib_a-malloc.o)
                              d:/programs/stm/truestudio for arm 5.4.0/armtools/bin/../lib/gcc/arm-atollic-eabi/4.8.3/../../../../arm-atollic-eabi/lib/armv7-m\libc.a(lib_a-dtoa.o) (malloc)
d:/programs/stm/truestudio for arm 5.4.0/armtools/bin/../lib/gcc/arm-atollic-eabi/4.8.3/../../../../arm-atollic-eabi/lib/armv7-m\libc.a(lib_a-mallocr.o)
                              d:/programs/stm/truestudio for arm 5.4.0/armtools/bin/../lib/gcc/arm-atollic-eabi/4.8.3/../../../../arm-atollic-eabi/lib/armv7-m\libc.a(lib_a-svfprintf.o) (_malloc_r)
d:/programs/stm/truestudio for arm 5.4.0/armtools/bin/../lib/gcc/arm-atollic-eabi/4.8.3/../../../../arm-atollic-eabi/lib/armv7-m\libc.a(lib_a-memchr-stub.o)
                              d:/programs/stm/truestudio for arm 5.4.0/armtools/bin/../lib/gcc/arm-atollic-eabi/4.8.3/../../../../arm-atollic-eabi/lib/armv7-m\libc.a(lib_a-svfprintf.o) (memchr)
d:/programs/stm/truestudio for arm 5.4.0/armtools/bin/../lib/gcc/arm-atollic-eabi/4.8.3/../../../../arm-atollic-eabi/lib/armv7-m\libc.a(lib_a-memcpy-stub.o)
[...]
Memory Configuration

Name             Origin             Length             Attributes
FLASH            0x08000000         0x00020000         xr
RAM              0x20000000         0x00002000         xrw
*default*        0x00000000         0xffffffff

Linker script and memory map

LOAD d:/programs/stm/truestudio for arm 5.4.0/armtools/bin/../lib/gcc/arm-atollic-eabi/4.8.3/armv7-m/crti.o
LOAD d:/programs/stm/truestudio for arm 5.4.0/armtools/bin/../lib/gcc/arm-atollic-eabi/4.8.3/armv7-m/crtbegin.o
LOAD Drivers\STM32F1xx_HAL_Driver\stm32f1xx_hal_uart.o
LOAD Drivers\STM32F1xx_HAL_Driver\stm32f1xx_hal_tim_ex.o
LOAD Drivers\STM32F1xx_HAL_Driver\stm32f1xx_hal_tim.o
LOAD Drivers\STM32F1xx_HAL_Driver\stm32f1xx_hal_rcc_ex.o
LOAD Drivers\STM32F1xx_HAL_Driver\stm32f1xx_hal_rcc.o
LOAD Drivers\STM32F1xx_HAL_Driver\stm32f1xx_hal_pwr.o
LOAD Drivers\STM32F1xx_HAL_Driver\stm32f1xx_hal_gpio_ex.o
LOAD Drivers\STM32F1xx_HAL_Driver\stm32f1xx_hal_gpio.o
LOAD Drivers\STM32F1xx_HAL_Driver\stm32f1xx_hal_flash_ex.o
LOAD Drivers\STM32F1xx_HAL_Driver\stm32f1xx_hal_flash.o
LOAD Drivers\STM32F1xx_HAL_Driver\stm32f1xx_hal_dma.o
LOAD Drivers\STM32F1xx_HAL_Driver\stm32f1xx_hal_dac_ex.o
LOAD Drivers\STM32F1xx_HAL_Driver\stm32f1xx_hal_dac.o
LOAD Drivers\STM32F1xx_HAL_Driver\stm32f1xx_hal_cortex.o
LOAD Drivers\STM32F1xx_HAL_Driver\stm32f1xx_hal_adc_ex.o
LOAD Drivers\STM32F1xx_HAL_Driver\stm32f1xx_hal_adc.o
LOAD Drivers\STM32F1xx_HAL_Driver\stm32f1xx_hal.o
LOAD Drivers\CMSIS\system_stm32f1xx.o
LOAD Application\User\usart.o
LOAD Application\User\tim.o
LOAD Application\User\stm32f1xx_it.o
LOAD Application\User\stm32f1xx_hal_msp.o
LOAD Application\User\main.o
LOAD Application\User\gpio.o
LOAD Application\User\dma.o
LOAD Application\User\dac.o
LOAD Application\User\adc.o
LOAD Application\TrueSTUDIO\startup_stm32f100xb.o
START GROUP
LOAD d:/programs/stm/truestudio for arm 5.4.0/armtools/bin/../lib/gcc/arm-atollic-eabi/4.8.3/../../../../arm-atollic-eabi/lib/armv7-m\libc.a
LOAD d:/programs/stm/truestudio for arm 5.4.0/armtools/bin/../lib/gcc/arm-atollic-eabi/4.8.3/../../../../arm-atollic-eabi/lib/armv7-m\libm.a
END GROUP
                0x00001000                malloc_getpagesize_P = 0x1000
START GROUP
LOAD d:/programs/stm/truestudio for arm 5.4.0/armtools/bin/../lib/gcc/arm-atollic-eabi/4.8.3/armv7-m\libgcc.a
LOAD d:/programs/stm/truestudio for arm 5.4.0/armtools/bin/../lib/gcc/arm-atollic-eabi/4.8.3/../../../../arm-atollic-eabi/lib/armv7-m\libc.a
END GROUP
LOAD d:/programs/stm/truestudio for arm 5.4.0/armtools/bin/../lib/gcc/arm-atollic-eabi/4.8.3/armv7-m/crtend.o
LOAD d:/programs/stm/truestudio for arm 5.4.0/armtools/bin/../lib/gcc/arm-atollic-eabi/4.8.3/armv7-m/crtn.o
                0x20002000                _estack = 0x20002000
                0x00000000                _Min_Heap_Size = 0x0
                0x00000400                _Min_Stack_Size = 0x400

.isr_vector     0x08000000      0x1d0
                0x08000000                . = ALIGN (0x4)
 *(.isr_vector)
 .isr_vector    0x08000000      0x1d0 Application\TrueSTUDIO\startup_stm32f100xb.o
                0x08000000                g_pfnVectors
                0x080001d0                . = ALIGN (0x4)

.text           0x080001d0     0x6d78
                0x080001d0                . = ALIGN (0x4)
 *(.text)
 .text          0x080001d0       0x40 d:/programs/stm/truestudio for arm 5.4.0/armtools/bin/../lib/gcc/arm-atollic-eabi/4.8.3/armv7-m/crtbegin.o
 .text          0x08000210       0x14 d:/programs/stm/truestudio for arm 5.4.0/armtools/bin/../lib/gcc/arm-atollic-eabi/4.8.3/../../../../arm-atollic-eabi/lib/armv7-m\libc.a(lib_a-strcmp.o)
                0x08000210                strcmp
 .text          0x08000224       0x18 d:/programs/stm/truestudio for arm 5.4.0/armtools/bin/../lib/gcc/arm-atollic-eabi/4.8.3/armv7-m\libgcc.a(_lshrdi3.o)
                0x08000224                __lshrdi3
                0x08000224                __aeabi_llsr
 .text          0x0800023c      0x370 d:/programs/stm/truestudio for arm 5.4.0/armtools/bin/../lib/gcc/arm-atollic-eabi/4.8.3/armv7-m\libgcc.a(_arm_addsubdf3.o)
                0x0800023c                __aeabi_drsub
                0x08000244                __aeabi_dsub
                0x08000244                __subdf3
                0x08000248                __aeabi_dadd
                0x08000248                __adddf3
                0x080004c0                __floatunsidf
                0x080004c0                __aeabi_ui2d
                0x080004e0                __floatsidf
                0x080004e0                __aeabi_i2d
                0x08000504                __aeabi_f2d
                0x08000504                __extendsfdf2
                0x08000540                __floatundidf
                0x08000540                __aeabi_ul2d
                0x08000550                __floatdidf
                0x08000550                __aeabi_l2d
 .text          0x080005ac      0x424 d:/programs/stm/truestudio for arm 5.4.0/armtools/bin/../lib/gcc/arm-atollic-eabi/4.8.3/armv7-m\libgcc.a(_arm_muldivdf3.o)
                0x080005ac                __aeabi_dmul
                0x080005ac                __muldf3
                0x08000800                __divdf3
                0x08000800                __aeabi_ddiv
 .text          0x080009d0      0x110 d:/programs/stm/truestudio for arm 5.4.0/armtools/bin/../lib/gcc/arm-atollic-eabi/4.8.3/armv7-m\libgcc.a(_arm_cmpdf2.o)
                0x080009d0                __gtdf2
                0x080009d0                __gedf2
                0x080009d8                __ltdf2
                0x080009d8                __ledf2
                0x080009e0                __nedf2
                0x080009e0                __eqdf2
                0x080009e0                __cmpdf2
                0x08000a5c                __aeabi_cdrcmple
                0x08000a6c                __aeabi_cdcmpeq
                0x08000a6c                __aeabi_cdcmple
                0x08000a7c                __aeabi_dcmpeq
                0x08000a90                __aeabi_dcmplt
                0x08000aa4                __aeabi_dcmple
                0x08000ab8                __aeabi_dcmpge
                0x08000acc                __aeabi_dcmpgt
 .text          0x08000ae0       0x50 d:/programs/stm/truestudio for arm 5.4.0/armtools/bin/../lib/gcc/arm-atollic-eabi/4.8.3/armv7-m\libgcc.a(_arm_fixdfsi.o)
                0x08000ae0                __aeabi_d2iz
                0x08000ae0                __fixdfsi
 .text          0x08000b30       0xa0 d:/programs/stm/truestudio for arm 5.4.0/armtools/bin/../lib/gcc/arm-atollic-eabi/4.8.3/armv7-m\libgcc.a(_arm_truncdfsf2.o)
                0x08000b30                __truncdfsf2
                0x08000b30                __aeabi_d2f
 .text          0x08000bd0      0x21c d:/programs/stm/truestudio for arm 5.4.0/armtools/bin/../lib/gcc/arm-atollic-eabi/4.8.3/armv7-m\libgcc.a(_arm_addsubsf3.o)
                0x08000bd0                __aeabi_frsub
                0x08000bd8                __subsf3
                0x08000bd8                __aeabi_fsub
                0x08000bdc                __aeabi_fadd
                0x08000bdc                __addsf3
                0x08000d3c                __aeabi_ui2f
                0x08000d3c                __floatunsisf
                0x08000d44                __aeabi_i2f
                0x08000d44                __floatsisf
                0x08000d60                __aeabi_ul2f
                0x08000d60                __floatundisf
                0x08000d70                __aeabi_l2f
                0x08000d70                __floatdisf
 .text          0x08000dec       0x4c d:/programs/stm/truestudio for arm 5.4.0/armtools/bin/../lib/gcc/arm-atollic-eabi/4.8.3/armv7-m\libgcc.a(_arm_fixsfsi.o)
                0x08000dec                __aeabi_f2iz
                0x08000dec                __fixsfsi
 .text          0x08000e38       0x2c d:/programs/stm/truestudio for arm 5.4.0/armtools/bin/../lib/gcc/arm-atollic-eabi/4.8.3/armv7-m\libgcc.a(_aeabi_uldivmod.o)
                0x08000e38                __aeabi_uldivmod
 .text          0x08000e64       0x60 d:/programs/stm/truestudio for arm 5.4.0/armtools/bin/../lib/gcc/arm-atollic-eabi/4.8.3/armv7-m\libgcc.a(bpabi.o)
                0x08000e64                __gnu_ldivmod_helper
                0x08000e94                __gnu_uldivmod_helper
 .text          0x08000ec4        0x4 d:/programs/stm/truestudio for arm 5.4.0/armtools/bin/../lib/gcc/arm-atollic-eabi/4.8.3/armv7-m\libgcc.a(_dvmd_tls.o)
                0x08000ec4                __aeabi_idiv0
                0x08000ec4                __aeabi_ldiv0
 .text          0x08000ec8      0x2a0 d:/programs/stm/truestudio for arm 5.4.0/armtools/bin/../lib/gcc/arm-atollic-eabi/4.8.3/armv7-m\libgcc.a(_divdi3.o)
                0x08000ec8                __divdi3
 .text          0x08001168      0x290 d:/programs/stm/truestudio for arm 5.4.0/armtools/bin/../lib/gcc/arm-atollic-eabi/4.8.3/armv7-m\libgcc.a(_udivdi3.o)
                0x08001168                __udivdi3
 *(.text*)
 .text.UART_SetConfig
                0x080013f8       0xc8 Drivers\STM32F1xx_HAL_Driver\stm32f1xx_hal_uart.o
 .text.UART_WaitOnFlagUntilTimeout.constprop.0
                0x080014c0       0x60 Drivers\STM32F1xx_HAL_Driver\stm32f1xx_hal_uart.o
 .text.HAL_UART_Init
                0x08001520       0x58 Drivers\STM32F1xx_HAL_Driver\stm32f1xx_hal_uart.o
                0x08001520                HAL_UART_Init
 .text.HAL_UART_Transmit
                0x08001578       0xb8 Drivers\STM32F1xx_HAL_Driver\stm32f1xx_hal_uart.o
                0x08001578                HAL_UART_Transmit
 .text.HAL_UART_Receive_DMA
                0x08001630       0x80 Drivers\STM32F1xx_HAL_Driver\stm32f1xx_hal_uart.o
                0x08001630                HAL_UART_Receive_DMA
 .text.HAL_UART_TxCpltCallback
                0x080016b0        0x2 Drivers\STM32F1xx_HAL_Driver\stm32f1xx_hal_uart.o
                0x080016b0                HAL_UART_TxCpltCallback
 .text.UART_DMAReceiveCplt
                0x080016b2       0x32 Drivers\STM32F1xx_HAL_Driver\stm32f1xx_hal_uart.o
 .text.HAL_UART_RxHalfCpltCallback
                0x080016e4        0x2 Drivers\STM32F1xx_HAL_Driver\stm32f1xx_hal_uart.o
                0x080016e4                HAL_UART_RxHalfCpltCallback
 .text.UART_DMARxHalfCplt
                0x080016e6        0xa Drivers\STM32F1xx_HAL_Driver\stm32f1xx_hal_uart.o
 .text.HAL_UART_ErrorCallback
                0x080016f0        0x2 Drivers\STM32F1xx_HAL_Driver\stm32f1xx_hal_uart.o
                0x080016f0                HAL_UART_ErrorCallback
 .text.UART_DMAError
                0x080016f2       0x1e Drivers\STM32F1xx_HAL_Driver\stm32f1xx_hal_uart.o
 .text.HAL_UART_IRQHandler
                0x08001710      0x1aa Drivers\STM32F1xx_HAL_Driver\stm32f1xx_hal_uart.o
                0x08001710                HAL_UART_IRQHandler
 .text.HAL_TIMEx_MasterConfigSynchronization
                0x080018ba       0x44 Drivers\STM32F1xx_HAL_Driver\stm32f1xx_hal_tim_ex.o
                0x080018ba                HAL_TIMEx_MasterConfigSynchronization
 .text.HAL_TIMEx_CommutationCallback
                0x080018fe        0x2 Drivers\STM32F1xx_HAL_Driver\stm32f1xx_hal_tim_ex.o
                0x080018fe                HAL_TIMEx_CommutationCallback
 .text.HAL_TIMEx_BreakCallback
                0x08001900        0x2 Drivers\STM32F1xx_HAL_Driver\stm32f1xx_hal_tim_ex.o
                0x08001900                HAL_TIMEx_BreakCallback
 .text.HAL_TIM_Base_Start_IT
                0x08001902       0x16 Drivers\STM32F1xx_HAL_Driver\stm32f1xx_hal_tim.o
                0x08001902                HAL_TIM_Base_Start_IT
 .text.HAL_TIM_Base_Stop_IT
                0x08001918       0x2a Drivers\STM32F1xx_HAL_Driver\stm32f1xx_hal_tim.o
                0x08001918                HAL_TIM_Base_Stop_IT
 .text.HAL_TIM_ConfigClockSource
                0x08001942      0x174 Drivers\STM32F1xx_HAL_Driver\stm32f1xx_hal_tim.o
                0x08001942                HAL_TIM_ConfigClockSource
 .text.HAL_TIM_PeriodElapsedCallback
                0x08001ab6        0x2 Drivers\STM32F1xx_HAL_Driver\stm32f1xx_hal_tim.o
                0x08001ab6                HAL_TIM_PeriodElapsedCallback
 .text.HAL_TIM_OC_DelayElapsedCallback
                0x08001ab8        0x2 Drivers\STM32F1xx_HAL_Driver\stm32f1xx_hal_tim.o
                0x08001ab8                HAL_TIM_OC_DelayElapsedCallback
 .text.HAL_TIM_IC_CaptureCallback
                0x08001aba        0x2 Drivers\STM32F1xx_HAL_Driver\stm32f1xx_hal_tim.o
                0x08001aba                HAL_TIM_IC_CaptureCallback
 .text.HAL_TIM_PWM_PulseFinishedCallback
                0x08001abc        0x2 Drivers\STM32F1xx_HAL_Driver\stm32f1xx_hal_tim.o
                0x08001abc                HAL_TIM_PWM_PulseFinishedCallback
 .text.HAL_TIM_TriggerCallback
                0x08001abe        0x2 Drivers\STM32F1xx_HAL_Driver\stm32f1xx_hal_tim.o
                0x08001abe                HAL_TIM_TriggerCallback
 .text.HAL_TIM_IRQHandler
                0x08001ac0      0x144 Drivers\STM32F1xx_HAL_Driver\stm32f1xx_hal_tim.o
                0x08001ac0                HAL_TIM_IRQHandler
 .text.TIM_Base_SetConfig
                0x08001c04       0x9c Drivers\STM32F1xx_HAL_Driver\stm32f1xx_hal_tim.o
                0x08001c04                TIM_Base_SetConfig
 .text.HAL_TIM_Base_Init
                0x08001ca0       0x34 Drivers\STM32F1xx_HAL_Driver\stm32f1xx_hal_tim.o
                0x08001ca0                HAL_TIM_Base_Init
 .text.HAL_RCCEx_PeriphCLKConfig
                0x08001cd4      0x104 Drivers\STM32F1xx_HAL_Driver\stm32f1xx_hal_rcc_ex.o
                0x08001cd4                HAL_RCCEx_PeriphCLKConfig
 .text.HAL_RCC_OscConfig
                0x08001dd8      0x58c Drivers\STM32F1xx_HAL_Driver\stm32f1xx_hal_rcc.o
                0x08001dd8                HAL_RCC_OscConfig
 .text.HAL_RCC_ClockConfig
                0x08002364      0x10c Drivers\STM32F1xx_HAL_Driver\stm32f1xx_hal_rcc.o
                0x08002364                HAL_RCC_ClockConfig
 .text.HAL_RCC_GetSysClockFreq
                0x08002470       0xa4 Drivers\STM32F1xx_HAL_Driver\stm32f1xx_hal_rcc.o
                0x08002470                HAL_RCC_GetSysClockFreq
 .text.HAL_RCC_GetHCLKFreq
                0x08002514       0x34 Drivers\STM32F1xx_HAL_Driver\stm32f1xx_hal_rcc.o
                0x08002514                HAL_RCC_GetHCLKFreq
 .text.HAL_RCC_GetPCLK1Freq
                0x08002548       0x2c Drivers\STM32F1xx_HAL_Driver\stm32f1xx_hal_rcc.o
                0x08002548                HAL_RCC_GetPCLK1Freq
 .text.HAL_RCC_GetPCLK2Freq
                0x08002574       0x2c Drivers\STM32F1xx_HAL_Driver\stm32f1xx_hal_rcc.o
                0x08002574                HAL_RCC_GetPCLK2Freq
 .text.HAL_GPIO_Init
                0x080025a0      0x184 Drivers\STM32F1xx_HAL_Driver\stm32f1xx_hal_gpio.o
                0x080025a0                HAL_GPIO_Init
 .text.HAL_GPIO_EXTI_IRQHandler
                0x08002724       0x18 Drivers\STM32F1xx_HAL_Driver\stm32f1xx_hal_gpio.o
                0x08002724                HAL_GPIO_EXTI_IRQHandler
 .text.FLASH_MassErase.isra.0
                0x0800273c       0x24 Drivers\STM32F1xx_HAL_Driver\stm32f1xx_hal_flash_ex.o
 .text.FLASH_PageErase
                0x08002760       0x24 Drivers\STM32F1xx_HAL_Driver\stm32f1xx_hal_flash_ex.o
                0x08002760                FLASH_PageErase
 .text.HAL_FLASHEx_Erase
                0x08002784       0x9c Drivers\STM32F1xx_HAL_Driver\stm32f1xx_hal_flash_ex.o
                0x08002784                HAL_FLASHEx_Erase
 .text.FLASH_SetErrorCode
                0x08002820       0x50 Drivers\STM32F1xx_HAL_Driver\stm32f1xx_hal_flash.o
 .text.HAL_FLASH_Unlock
                0x08002870       0x24 Drivers\STM32F1xx_HAL_Driver\stm32f1xx_hal_flash.o
                0x08002870                HAL_FLASH_Unlock
 .text.HAL_FLASH_Lock
                0x08002894       0x14 Drivers\STM32F1xx_HAL_Driver\stm32f1xx_hal_flash.o
                0x08002894                HAL_FLASH_Lock
 .text.FLASH_WaitForLastOperation
                0x080028a8       0x54 Drivers\STM32F1xx_HAL_Driver\stm32f1xx_hal_flash.o
                0x080028a8                FLASH_WaitForLastOperation
 .text.HAL_FLASH_Program
                0x080028fc       0x90 Drivers\STM32F1xx_HAL_Driver\stm32f1xx_hal_flash.o
                0x080028fc                HAL_FLASH_Program
 .text.HAL_DMA_Init
                0x0800298c       0x4a Drivers\STM32F1xx_HAL_Driver\stm32f1xx_hal_dma.o
                0x0800298c                HAL_DMA_Init
 .text.HAL_DMA_Start_IT
                0x080029d6       0x5a Drivers\STM32F1xx_HAL_Driver\stm32f1xx_hal_dma.o
                0x080029d6                HAL_DMA_Start_IT
 .text.HAL_DMA_IRQHandler
                0x08002a30      0x250 Drivers\STM32F1xx_HAL_Driver\stm32f1xx_hal_dma.o
                0x08002a30                HAL_DMA_IRQHandler
 .text.HAL_DAC_Init
                0x08002c80       0x26 Drivers\STM32F1xx_HAL_Driver\stm32f1xx_hal_dac.o
                0x08002c80                HAL_DAC_Init
 .text.HAL_DAC_Start
                0x08002ca6       0x4e Drivers\STM32F1xx_HAL_Driver\stm32f1xx_hal_dac.o
                0x08002ca6                HAL_DAC_Start
 .text.HAL_DAC_ConfigChannel
                0x08002cf4       0x42 Drivers\STM32F1xx_HAL_Driver\stm32f1xx_hal_dac.o
                0x08002cf4                HAL_DAC_ConfigChannel
 .text.HAL_DAC_SetValue
                0x08002d36       0x24 Drivers\STM32F1xx_HAL_Driver\stm32f1xx_hal_dac.o
                0x08002d36                HAL_DAC_SetValue
 *fill*         0x08002d5a        0x2 
 .text.HAL_NVIC_SetPriorityGrouping
                0x08002d5c       0x24 Drivers\STM32F1xx_HAL_Driver\stm32f1xx_hal_cortex.o
                0x08002d5c                HAL_NVIC_SetPriorityGrouping
 .text.HAL_NVIC_SetPriority
                0x08002d80       0x64 Drivers\STM32F1xx_HAL_Driver\stm32f1xx_hal_cortex.o
                0x08002d80                HAL_NVIC_SetPriority
 .text.HAL_NVIC_EnableIRQ
                0x08002de4       0x18 Drivers\STM32F1xx_HAL_Driver\stm32f1xx_hal_cortex.o
                0x08002de4                HAL_NVIC_EnableIRQ
 .text.HAL_SYSTICK_Config
                0x08002dfc       0x2c Drivers\STM32F1xx_HAL_Driver\stm32f1xx_hal_cortex.o
                0x08002dfc                HAL_SYSTICK_Config
 .text.HAL_SYSTICK_CLKSourceConfig
                0x08002e28       0x18 Drivers\STM32F1xx_HAL_Driver\stm32f1xx_hal_cortex.o
                0x08002e28                HAL_SYSTICK_CLKSourceConfig
 .text.HAL_SYSTICK_Callback
                0x08002e40        0x2 Drivers\STM32F1xx_HAL_Driver\stm32f1xx_hal_cortex.o
                0x08002e40                HAL_SYSTICK_Callback
 .text.HAL_SYSTICK_IRQHandler
                0x08002e42        0x8 Drivers\STM32F1xx_HAL_Driver\stm32f1xx_hal_cortex.o
                0x08002e42                HAL_SYSTICK_IRQHandler
 .text.HAL_ADCEx_InjectedConvCpltCallback
                0x08002e4a        0x2 Drivers\STM32F1xx_HAL_Driver\stm32f1xx_hal_adc_ex.o
                0x08002e4a                HAL_ADCEx_InjectedConvCpltCallback
 .text.ADC_DMAConvCplt
                0x08002e4c       0x4c Drivers\STM32F1xx_HAL_Driver\stm32f1xx_hal_adc.o
                0x08002e4c                ADC_DMAConvCplt
 .text.HAL_ADC_ConvHalfCpltCallback
                0x08002e98        0x2 Drivers\STM32F1xx_HAL_Driver\stm32f1xx_hal_adc.o
                0x08002e98                HAL_ADC_ConvHalfCpltCallback
 .text.ADC_DMAHalfConvCplt
                0x08002e9a        0xa Drivers\STM32F1xx_HAL_Driver\stm32f1xx_hal_adc.o
                0x08002e9a                ADC_DMAHalfConvCplt
 .text.HAL_ADC_LevelOutOfWindowCallback
                0x08002ea4        0x2 Drivers\STM32F1xx_HAL_Driver\stm32f1xx_hal_adc.o
                0x08002ea4                HAL_ADC_LevelOutOfWindowCallback
 .text.HAL_ADC_IRQHandler
                0x08002ea6       0xec Drivers\STM32F1xx_HAL_Driver\stm32f1xx_hal_adc.o
                0x08002ea6                HAL_ADC_IRQHandler
 .text.HAL_ADC_ErrorCallback
                0x08002f92        0x2 Drivers\STM32F1xx_HAL_Driver\stm32f1xx_hal_adc.o
                0x08002f92                HAL_ADC_ErrorCallback
 .text.ADC_DMAError
                0x08002f94       0x1a Drivers\STM32F1xx_HAL_Driver\stm32f1xx_hal_adc.o
                0x08002f94                ADC_DMAError
 *fill*         0x08002fae        0x2 
 .text.HAL_ADC_ConfigChannel
                0x08002fb0      0x198 Drivers\STM32F1xx_HAL_Driver\stm32f1xx_hal_adc.o
                0x08002fb0                HAL_ADC_ConfigChannel
 .text.ADC_Enable
                0x08003148       0x70 Drivers\STM32F1xx_HAL_Driver\stm32f1xx_hal_adc.o
                0x08003148                ADC_Enable
 .text.HAL_ADC_Start_DMA
                0x080031b8       0xcc Drivers\STM32F1xx_HAL_Driver\stm32f1xx_hal_adc.o
                0x080031b8                HAL_ADC_Start_DMA
 .text.ADC_ConversionStop_Disable
                0x08003284       0x44 Drivers\STM32F1xx_HAL_Driver\stm32f1xx_hal_adc.o
                0x08003284                ADC_ConversionStop_Disable
 .text.HAL_ADC_Init
                0x080032c8      0x124 Drivers\STM32F1xx_HAL_Driver\stm32f1xx_hal_adc.o
                0x080032c8                HAL_ADC_Init
 .text.HAL_InitTick
                0x080033ec       0x24 Drivers\STM32F1xx_HAL_Driver\stm32f1xx_hal.o
                0x080033ec                HAL_InitTick
 .text.HAL_Init
                0x08003410       0x16 Drivers\STM32F1xx_HAL_Driver\stm32f1xx_hal.o
                0x08003410                HAL_Init
 *fill*         0x08003426        0x2 
 .text.HAL_IncTick
                0x08003428       0x10 Drivers\STM32F1xx_HAL_Driver\stm32f1xx_hal.o
                0x08003428                HAL_IncTick
 .text.HAL_GetTick
                0x08003438        0xc Drivers\STM32F1xx_HAL_Driver\stm32f1xx_hal.o
                0x08003438                HAL_GetTick
 .text.HAL_Delay
                0x08003444       0x1a Drivers\STM32F1xx_HAL_Driver\stm32f1xx_hal.o
                0x08003444                HAL_Delay
 *fill*         0x0800345e        0x2 
 .text.SystemInit
                0x08003460       0x50 Drivers\CMSIS\system_stm32f1xx.o
                0x08003460                SystemInit
 .text.MX_USART1_UART_Init
                0x080034b0       0x28 Application\User\usart.o
                0x080034b0                MX_USART1_UART_Init
 .text.MX_USART3_UART_Init
                0x080034d8       0x28 Application\User\usart.o
                0x080034d8                MX_USART3_UART_Init
 .text.HAL_UART_MspInit
                0x08003500       0xf0 Application\User\usart.o
                0x08003500                HAL_UART_MspInit
 .text.MX_TIM3_Init
                0x080035f0       0x48 Application\User\tim.o
                0x080035f0                MX_TIM3_Init
 .text.MX_TIM7_Init
                0x08003638       0x34 Application\User\tim.o
                0x08003638                MX_TIM7_Init
 .text.HAL_TIM_Base_MspInit
                0x0800366c       0x68 Application\User\tim.o
                0x0800366c                HAL_TIM_Base_MspInit
 .text.SysTick_Handler
                0x080036d4        0xe Application\User\stm32f1xx_it.o
                0x080036d4                SysTick_Handler
 .text.EXTI0_IRQHandler
                0x080036e2        0x6 Application\User\stm32f1xx_it.o
                0x080036e2                EXTI0_IRQHandler
 .text.DMA1_Channel1_IRQHandler
                0x080036e8        0xc Application\User\stm32f1xx_it.o
                0x080036e8                DMA1_Channel1_IRQHandler
 .text.DMA1_Channel5_IRQHandler
                0x080036f4        0xc Application\User\stm32f1xx_it.o
                0x080036f4                DMA1_Channel5_IRQHandler
 .text.ADC1_IRQHandler
                0x08003700        0xc Application\User\stm32f1xx_it.o
                0x08003700                ADC1_IRQHandler
 .text.TIM3_IRQHandler
                0x0800370c        0xc Application\User\stm32f1xx_it.o
                0x0800370c                TIM3_IRQHandler
 .text.USART1_IRQHandler
                0x08003718        0xc Application\User\stm32f1xx_it.o
                0x08003718                USART1_IRQHandler
 .text.USART3_IRQHandler
                0x08003724        0xc Application\User\stm32f1xx_it.o
                0x08003724                USART3_IRQHandler
 .text.TIM7_IRQHandler
                0x08003730        0xc Application\User\stm32f1xx_it.o
                0x08003730                TIM7_IRQHandler
 .text.HAL_MspInit
                0x0800373c       0x34 Application\User\stm32f1xx_hal_msp.o
                0x0800373c                HAL_MspInit
 .text.SystemClock_Config
                0x08003770       0x66 Application\User\main.o
                0x08003770                SystemClock_Config
 *fill*         0x080037d6        0x2 
 .text.HAL_ADC_ConvCpltCallback
                0x080037d8      0x104 Application\User\main.o
                0x080037d8                HAL_ADC_ConvCpltCallback
 .text.HAL_GPIO_EXTI_Callback
                0x080038dc       0x18 Application\User\main.o
                0x080038dc                HAL_GPIO_EXTI_Callback
 .text.saveState
                0x080038f4       0x94 Application\User\main.o
                0x080038f4                saveState
 .text.loadState
                0x08003988       0x44 Application\User\main.o
                0x08003988                loadState
 .text.scmp     0x080039cc       0x2a Application\User\main.o
                0x080039cc                scmp
 *fill*         0x080039f6        0x2 
 .text.serial1Print
                0x080039f8       0x1c Application\User\main.o
                0x080039f8                serial1Print
 *fill*         0x08003a14        0x4 
 .text.serial1PrintVoltage
                0x08003a18       0xb0 Application\User\main.o
                0x08003a18                serial1PrintVoltage
 .text.startup.main
                0x08003ac8       0xd8 Application\User\main.o
                0x08003ac8                main
 .text.HAL_UART_RxCpltCallback
                0x08003ba0      0x138 Application\User\main.o
                0x08003ba0                HAL_UART_RxCpltCallback
 .text.MX_GPIO_Init
                0x08003cd8       0x9c Application\User\gpio.o
                0x08003cd8                MX_GPIO_Init
 .text.MX_DMA_Init
                0x08003d74       0x40 Application\User\dma.o
                0x08003d74                MX_DMA_Init
 .text.MX_DAC_Init
                0x08003db4       0x34 Application\User\dac.o
                0x08003db4                MX_DAC_Init
 .text.HAL_DAC_MspInit
                0x08003de8       0x40 Application\User\dac.o
                0x08003de8                HAL_DAC_MspInit
 .text.MX_ADC1_Init
                0x08003e28       0x74 Application\User\adc.o
                0x08003e28                MX_ADC1_Init
 .text.HAL_ADC_MspInit
                0x08003e9c       0x8c Application\User\adc.o
                0x08003e9c                HAL_ADC_MspInit
 .text.Reset_Handler
                0x08003f28       0x50 Application\TrueSTUDIO\startup_stm32f100xb.o
                0x08003f28                Reset_Handler
 .text.Default_Handler
                0x08003f78        0x4 Application\TrueSTUDIO\startup_stm32f100xb.o
                0x08003f78                RTC_Alarm_IRQHandler
                0x08003f78                EXTI2_IRQHandler
                0x08003f78                DebugMon_Handler
                0x08003f78                TIM1_CC_IRQHandler
                0x08003f78                HardFault_Handler
                0x08003f78                PVD_IRQHandler
                0x08003f78                PendSV_Handler
                0x08003f78                NMI_Handler
                0x08003f78                EXTI3_IRQHandler
                0x08003f78                TIM1_UP_TIM16_IRQHandler
                0x08003f78                UsageFault_Handler
                0x08003f78                SPI1_IRQHandler
                0x08003f78                TAMPER_IRQHandler
                0x08003f78                TIM6_DAC_IRQHandler
                0x08003f78                DMA1_Channel4_IRQHandler
                0x08003f78                RTC_IRQHandler
                0x08003f78                DMA1_Channel7_IRQHandler
                0x08003f78                TIM4_IRQHandler
                0x08003f78                I2C1_EV_IRQHandler
                0x08003f78                DMA1_Channel6_IRQHandler
                0x08003f78                RCC_IRQHandler
                0x08003f78                Default_Handler
                0x08003f78                CEC_IRQHandler
                0x08003f78                EXTI15_10_IRQHandler
                0x08003f78                EXTI9_5_IRQHandler
                0x08003f78                MemManage_Handler
                0x08003f78                SVC_Handler
                0x08003f78                EXTI4_IRQHandler
                0x08003f78                TIM1_TRG_COM_TIM17_IRQHandler
                0x08003f78                DMA1_Channel3_IRQHandler
                0x08003f78                WWDG_IRQHandler
                0x08003f78                TIM2_IRQHandler
                0x08003f78                EXTI1_IRQHandler
                0x08003f78                USART2_IRQHandler
                0x08003f78                DMA1_Channel2_IRQHandler
                0x08003f78                FLASH_IRQHandler
                0x08003f78                BusFault_Handler
                0x08003f78                I2C1_ER_IRQHandler
                0x08003f78                TIM1_BRK_TIM15_IRQHandler
 .text.atoi     0x08003f7c        0x8 d:/programs/stm/truestudio for arm 5.4.0/armtools/bin/../lib/gcc/arm-atollic-eabi/4.8.3/../../../../arm-atollic-eabi/lib/armv7-m\libc.a(lib_a-atoi.o)
                0x08003f7c                atoi
 .text.__libc_init_array
                0x08003f84       0x4c d:/programs/stm/truestudio for arm 5.4.0/armtools/bin/../lib/gcc/arm-atollic-eabi/4.8.3/../../../../arm-atollic-eabi/lib/armv7-m\libc.a(lib_a-init.o)
                0x08003f84                __libc_init_array
 .text.memset   0x08003fd0       0x10 d:/programs/stm/truestudio for arm 5.4.0/armtools/bin/../lib/gcc/arm-atollic-eabi/4.8.3/../../../../arm-atollic-eabi/lib/armv7-m\libc.a(lib_a-memset.o)
                0x08003fd0                memset
 .text.snprintf
                0x08003fe0       0x64 d:/programs/stm/truestudio for arm 5.4.0/armtools/bin/../lib/gcc/arm-atollic-eabi/4.8.3/../../../../arm-atollic-eabi/lib/armv7-m\libc.a(lib_a-snprintf.o)
                0x08003fe0                snprintf
 .text.strlen   0x08004044       0x10 d:/programs/stm/truestudio for arm 5.4.0/armtools/bin/../lib/gcc/arm-atollic-eabi/4.8.3/../../../../arm-atollic-eabi/lib/armv7-m\libc.a(lib_a-strlen.o)
                0x08004044                strlen
 .text.strncmp  0x08004054       0x2c d:/programs/stm/truestudio for arm 5.4.0/armtools/bin/../lib/gcc/arm-atollic-eabi/4.8.3/../../../../arm-atollic-eabi/lib/armv7-m\libc.a(lib_a-strncmp.o)
                0x08004054                strncmp
 .text._strtol_r
                0x08004080      0x104 d:/programs/stm/truestudio for arm 5.4.0/armtools/bin/../lib/gcc/arm-atollic-eabi/4.8.3/../../../../arm-atollic-eabi/lib/armv7-m\libc.a(lib_a-strtol.o)
                0x08004080                _strtol_r
 .text.strtol   0x08004184       0x1c d:/programs/stm/truestudio for arm 5.4.0/armtools/bin/../lib/gcc/arm-atollic-eabi/4.8.3/../../../../arm-atollic-eabi/lib/armv7-m\libc.a(lib_a-strtol.o)
                0x08004184                strtol
 .text._svfprintf_r
                0x080041a0      0xf30 d:/programs/stm/truestudio for arm 5.4.0/armtools/bin/../lib/gcc/arm-atollic-eabi/4.8.3/../../../../arm-atollic-eabi/lib/armv7-m\libc.a(lib_a-svfprintf.o)
                0x080041a0                _svfprintf_r
 .text.quorem   0x080050d0      0x11e d:/programs/stm/truestudio for arm 5.4.0/armtools/bin/../lib/gcc/arm-atollic-eabi/4.8.3/../../../../arm-atollic-eabi/lib/armv7-m\libc.a(lib_a-dtoa.o)
 *fill*         0x080051ee        0x2 
 .text._dtoa_r  0x080051f0      0xb80 d:/programs/stm/truestudio for arm 5.4.0/armtools/bin/../lib/gcc/arm-atollic-eabi/4.8.3/../../../../arm-atollic-eabi/lib/armv7-m\libc.a(lib_a-dtoa.o)
                0x080051f0                _dtoa_r
 .text._localeconv_r
                0x08005d70        0x8 d:/programs/stm/truestudio for arm 5.4.0/armtools/bin/../lib/gcc/arm-atollic-eabi/4.8.3/../../../../arm-atollic-eabi/lib/armv7-m\libc.a(lib_a-locale.o)
                0x08005d70                _localeconv_r
 .text.malloc   0x08005d78       0x10 d:/programs/stm/truestudio for arm 5.4.0/armtools/bin/../lib/gcc/arm-atollic-eabi/4.8.3/../../../../arm-atollic-eabi/lib/armv7-m\libc.a(lib_a-malloc.o)
                0x08005d78                malloc
 .text._malloc_r
                0x08005d88      0x420 d:/programs/stm/truestudio for arm 5.4.0/armtools/bin/../lib/gcc/arm-atollic-eabi/4.8.3/../../../../arm-atollic-eabi/lib/armv7-m\libc.a(lib_a-mallocr.o)
                0x08005d88                _malloc_r
 .text.memchr   0x080061a8       0x1c d:/programs/stm/truestudio for arm 5.4.0/armtools/bin/../lib/gcc/arm-atollic-eabi/4.8.3/../../../../arm-atollic-eabi/lib/armv7-m\libc.a(lib_a-memchr-stub.o)
                0x080061a8                memchr
 .text.memcpy   0x080061c4       0x12 d:/programs/stm/truestudio for arm 5.4.0/armtools/bin/../lib/gcc/arm-atollic-eabi/4.8.3/../../../../arm-atollic-eabi/lib/armv7-m\libc.a(lib_a-memcpy-stub.o)
                0x080061c4                memcpy
 .text.__malloc_lock
                0x080061d6        0x2 d:/programs/stm/truestudio for arm 5.4.0/armtools/bin/../lib/gcc/arm-atollic-eabi/4.8.3/../../../../arm-atollic-eabi/lib/armv7-m\libc.a(lib_a-mlock.o)
                0x080061d6                __malloc_lock
 .text.__malloc_unlock
                0x080061d8        0x2 d:/programs/stm/truestudio for arm 5.4.0/armtools/bin/../lib/gcc/arm-atollic-eabi/4.8.3/../../../../arm-atollic-eabi/lib/armv7-m\libc.a(lib_a-mlock.o)
                0x080061d8                __malloc_unlock
 .text._Balloc  0x080061da       0x6a d:/programs/stm/truestudio for arm 5.4.0/armtools/bin/../lib/gcc/arm-atollic-eabi/4.8.3/../../../../arm-atollic-eabi/lib/armv7-m\libc.a(lib_a-mprec.o)
                0x080061da                _Balloc
 .text._Bfree   0x08006244       0x2e d:/programs/stm/truestudio for arm 5.4.0/armtools/bin/../lib/gcc/arm-atollic-eabi/4.8.3/../../../../arm-atollic-eabi/lib/armv7-m\libc.a(lib_a-mprec.o)
                0x08006244                _Bfree
 .text.__multadd
                0x08006272       0x74 d:/programs/stm/truestudio for arm 5.4.0/armtools/bin/../lib/gcc/arm-atollic-eabi/4.8.3/../../../../arm-atollic-eabi/lib/armv7-m\libc.a(lib_a-mprec.o)
                0x08006272                __multadd
 .text.__hi0bits
                0x080062e6       0x40 d:/programs/stm/truestudio for arm 5.4.0/armtools/bin/../lib/gcc/arm-atollic-eabi/4.8.3/../../../../arm-atollic-eabi/lib/armv7-m\libc.a(lib_a-mprec.o)
                0x080062e6                __hi0bits
 .text.__lo0bits
                0x08006326       0x5a d:/programs/stm/truestudio for arm 5.4.0/armtools/bin/../lib/gcc/arm-atollic-eabi/4.8.3/../../../../arm-atollic-eabi/lib/armv7-m\libc.a(lib_a-mprec.o)
                0x08006326                __lo0bits
 .text.__i2b    0x08006380       0x12 d:/programs/stm/truestudio for arm 5.4.0/armtools/bin/../lib/gcc/arm-atollic-eabi/4.8.3/../../../../arm-atollic-eabi/lib/armv7-m\libc.a(lib_a-mprec.o)
                0x08006380                __i2b
 .text.__multiply
                0x08006392      0x130 d:/programs/stm/truestudio for arm 5.4.0/armtools/bin/../lib/gcc/arm-atollic-eabi/4.8.3/../../../../arm-atollic-eabi/lib/armv7-m\libc.a(lib_a-mprec.o)
                0x08006392                __multiply
 *fill*         0x080064c2        0x2 
 .text.__pow5mult
                0x080064c4       0x9c d:/programs/stm/truestudio for arm 5.4.0/armtools/bin/../lib/gcc/arm-atollic-eabi/4.8.3/../../../../arm-atollic-eabi/lib/armv7-m\libc.a(lib_a-mprec.o)
                0x080064c4                __pow5mult
 .text.__lshift
                0x08006560       0xa6 d:/programs/stm/truestudio for arm 5.4.0/armtools/bin/../lib/gcc/arm-atollic-eabi/4.8.3/../../../../arm-atollic-eabi/lib/armv7-m\libc.a(lib_a-mprec.o)
                0x08006560                __lshift
 .text.__mcmp   0x08006606       0x3a d:/programs/stm/truestudio for arm 5.4.0/armtools/bin/../lib/gcc/arm-atollic-eabi/4.8.3/../../../../arm-atollic-eabi/lib/armv7-m\libc.a(lib_a-mprec.o)
                0x08006606                __mcmp
 .text.__mdiff  0x08006640       0xbe d:/programs/stm/truestudio for arm 5.4.0/armtools/bin/../lib/gcc/arm-atollic-eabi/4.8.3/../../../../arm-atollic-eabi/lib/armv7-m\libc.a(lib_a-mprec.o)
                0x08006640                __mdiff
 .text.__d2b    0x080066fe       0xa4 d:/programs/stm/truestudio for arm 5.4.0/armtools/bin/../lib/gcc/arm-atollic-eabi/4.8.3/../../../../arm-atollic-eabi/lib/armv7-m\libc.a(lib_a-mprec.o)
                0x080066fe                __d2b
 *fill*         0x080067a2        0x2 
 .text.__fpclassifyd
                0x080067a4       0x44 d:/programs/stm/truestudio for arm 5.4.0/armtools/bin/../lib/gcc/arm-atollic-eabi/4.8.3/../../../../arm-atollic-eabi/lib/armv7-m\libc.a(lib_a-s_fpclassify.o)
                0x080067a4                __fpclassifyd
 .text._sbrk_r  0x080067e8       0x20 d:/programs/stm/truestudio for arm 5.4.0/armtools/bin/../lib/gcc/arm-atollic-eabi/4.8.3/../../../../arm-atollic-eabi/lib/armv7-m\libc.a(lib_a-sbrkr.o)
                0x080067e8                _sbrk_r
 .text.__ssprint_r
                0x08006808       0xf2 d:/programs/stm/truestudio for arm 5.4.0/armtools/bin/../lib/gcc/arm-atollic-eabi/4.8.3/../../../../arm-atollic-eabi/lib/armv7-m\libc.a(lib_a-svfiprintf.o)
                0x08006808                __ssprint_r
 *fill*         0x080068fa        0x2 
 .text._sbrk    0x080068fc       0x34 d:/programs/stm/truestudio for arm 5.4.0/armtools/bin/../lib/gcc/arm-atollic-eabi/4.8.3/../../../../arm-atollic-eabi/lib/armv7-m\libc.a(lib_a-syscalls.o)
                0x080068fc                _sbrk
 .text._calloc_r
                0x08006930       0x5a d:/programs/stm/truestudio for arm 5.4.0/armtools/bin/../lib/gcc/arm-atollic-eabi/4.8.3/../../../../arm-atollic-eabi/lib/armv7-m\libc.a(lib_a-callocr.o)
                0x08006930                _calloc_r
 *fill*         0x0800698a        0x2 
 .text._malloc_trim_r
                0x0800698c       0xa8 d:/programs/stm/truestudio for arm 5.4.0/armtools/bin/../lib/gcc/arm-atollic-eabi/4.8.3/../../../../arm-atollic-eabi/lib/armv7-m\libc.a(lib_a-freer.o)
                0x0800698c                _malloc_trim_r
 .text._free_r  0x08006a34      0x170 d:/programs/stm/truestudio for arm 5.4.0/armtools/bin/../lib/gcc/arm-atollic-eabi/4.8.3/../../../../arm-atollic-eabi/lib/armv7-m\libc.a(lib_a-freer.o)
                0x08006a34                _free_r
 .text.memmove  0x08006ba4       0x36 d:/programs/stm/truestudio for arm 5.4.0/armtools/bin/../lib/gcc/arm-atollic-eabi/4.8.3/../../../../arm-atollic-eabi/lib/armv7-m\libc.a(lib_a-memmove.o)
                0x08006ba4                memmove
 *fill*         0x08006bda        0x2 
 .text._realloc_r
                0x08006bdc      0x354 d:/programs/stm/truestudio for arm 5.4.0/armtools/bin/../lib/gcc/arm-atollic-eabi/4.8.3/../../../../arm-atollic-eabi/lib/armv7-m\libc.a(lib_a-reallocr.o)
                0x08006bdc                _realloc_r
 *(.glue_7)
 .glue_7        0x00000000        0x0 linker stubs
 *(.glue_7t)
 .glue_7t       0x00000000        0x0 linker stubs
 *(.eh_frame)
 .eh_frame      0x08006f30        0x0 d:/programs/stm/truestudio for arm 5.4.0/armtools/bin/../lib/gcc/arm-atollic-eabi/4.8.3/armv7-m/crtbegin.o
 *(.init)
 .init          0x08006f30        0x4 d:/programs/stm/truestudio for arm 5.4.0/armtools/bin/../lib/gcc/arm-atollic-eabi/4.8.3/armv7-m/crti.o
                0x08006f30                _init
 .init          0x08006f34        0x8 d:/programs/stm/truestudio for arm 5.4.0/armtools/bin/../lib/gcc/arm-atollic-eabi/4.8.3/armv7-m/crtn.o
 *(.fini)
 .fini          0x08006f3c        0x4 d:/programs/stm/truestudio for arm 5.4.0/armtools/bin/../lib/gcc/arm-atollic-eabi/4.8.3/armv7-m/crti.o
                0x08006f3c                _fini
 .fini          0x08006f40        0x8 d:/programs/stm/truestudio for arm 5.4.0/armtools/bin/../lib/gcc/arm-atollic-eabi/4.8.3/armv7-m/crtn.o
                0x08006f48                . = ALIGN (0x4)
                0x08006f48                _etext = .

.vfp11_veneer   0x08006f48        0x0
 .vfp11_veneer  0x00000000        0x0 linker stubs

.v4_bx          0x08006f48        0x0
 .v4_bx         0x00000000        0x0 linker stubs

.iplt           0x08006f48        0x0
 .iplt          0x00000000        0x0 d:/programs/stm/truestudio for arm 5.4.0/armtools/bin/../lib/gcc/arm-atollic-eabi/4.8.3/armv7-m/crtbegin.o

.rodata         0x08006f48      0x3fc
                0x08006f48                . = ALIGN (0x4)
 *(.rodata)
 .rodata        0x08006f48       0x20 Drivers\STM32F1xx_HAL_Driver\stm32f1xx_hal_rcc.o
 *(.rodata*)
 .rodata.aAPBAHBPrescTable
                0x08006f68       0x10 Drivers\STM32F1xx_HAL_Driver\stm32f1xx_hal_rcc.o
                0x08006f68                aAPBAHBPrescTable
 .rodata.str1.1
                0x08006f78      0x15e Application\User\main.o
                                0x163 (size before relaxing)
 .rodata.zeroes.6768
                0x080070d6       0x10 d:/programs/stm/truestudio for arm 5.4.0/armtools/bin/../lib/gcc/arm-atollic-eabi/4.8.3/../../../../arm-atollic-eabi/lib/armv7-m\libc.a(lib_a-svfprintf.o)
 .rodata.str1.1
                0x080070e6       0x34 d:/programs/stm/truestudio for arm 5.4.0/armtools/bin/../lib/gcc/arm-atollic-eabi/4.8.3/../../../../arm-atollic-eabi/lib/armv7-m\libc.a(lib_a-svfprintf.o)
 .rodata.blanks.6767
                0x0800711a       0x10 d:/programs/stm/truestudio for arm 5.4.0/armtools/bin/../lib/gcc/arm-atollic-eabi/4.8.3/../../../../arm-atollic-eabi/lib/armv7-m\libc.a(lib_a-svfprintf.o)
 .rodata._ctype_
                0x0800712a      0x101 d:/programs/stm/truestudio for arm 5.4.0/armtools/bin/../lib/gcc/arm-atollic-eabi/4.8.3/../../../../arm-atollic-eabi/lib/armv7-m\libc.a(lib_a-ctype_.o)
                0x0800712a                _ctype_
 .rodata.str1.1
                0x0800722b        0xd d:/programs/stm/truestudio for arm 5.4.0/armtools/bin/../lib/gcc/arm-atollic-eabi/4.8.3/../../../../arm-atollic-eabi/lib/armv7-m\libc.a(lib_a-dtoa.o)
                                  0xf (size before relaxing)
 .rodata.str1.1
                0x08007238        0x2 d:/programs/stm/truestudio for arm 5.4.0/armtools/bin/../lib/gcc/arm-atollic-eabi/4.8.3/../../../../arm-atollic-eabi/lib/armv7-m\libc.a(lib_a-impure.o)
 .rodata.str1.1
                0x0800723a        0x8 d:/programs/stm/truestudio for arm 5.4.0/armtools/bin/../lib/gcc/arm-atollic-eabi/4.8.3/../../../../arm-atollic-eabi/lib/armv7-m\libc.a(lib_a-locale.o)
                                  0xb (size before relaxing)
 *fill*         0x08007242        0x6 
 .rodata.__mprec_tens
                0x08007248       0xc8 d:/programs/stm/truestudio for arm 5.4.0/armtools/bin/../lib/gcc/arm-atollic-eabi/4.8.3/../../../../arm-atollic-eabi/lib/armv7-m\libc.a(lib_a-mprec.o)
                0x08007248                __mprec_tens
 .rodata.__mprec_bigtens
                0x08007310       0x28 d:/programs/stm/truestudio for arm 5.4.0/armtools/bin/../lib/gcc/arm-atollic-eabi/4.8.3/../../../../arm-atollic-eabi/lib/armv7-m\libc.a(lib_a-mprec.o)
                0x08007310                __mprec_bigtens
 .rodata.p05.5279
                0x08007338        0xc d:/programs/stm/truestudio for arm 5.4.0/armtools/bin/../lib/gcc/arm-atollic-eabi/4.8.3/../../../../arm-atollic-eabi/lib/armv7-m\libc.a(lib_a-mprec.o)
                0x08007344                . = ALIGN (0x4)

.ARM.extab
 *(.ARM.extab* .gnu.linkonce.armextab.*)

.ARM            0x08007344        0x8
                0x08007344                __exidx_start = .
 *(.ARM.exidx*)
 .ARM.exidx     0x08007344        0x8 d:/programs/stm/truestudio for arm 5.4.0/armtools/bin/../lib/gcc/arm-atollic-eabi/4.8.3/armv7-m\libgcc.a(_divdi3.o)
 .ARM.exidx     0x0800734c        0x0 d:/programs/stm/truestudio for arm 5.4.0/armtools/bin/../lib/gcc/arm-atollic-eabi/4.8.3/armv7-m\libgcc.a(_udivdi3.o)
                                  0x8 (size before relaxing)
                0x0800734c                __exidx_end = .

.rel.dyn        0x0800734c        0x0
 .rel.iplt      0x00000000        0x0 d:/programs/stm/truestudio for arm 5.4.0/armtools/bin/../lib/gcc/arm-atollic-eabi/4.8.3/armv7-m/crtbegin.o

.preinit_array  0x0800734c        0x0
                0x0800734c                PROVIDE (__preinit_array_start, .)
 *(.preinit_array*)
                0x0800734c                PROVIDE (__preinit_array_end, .)

.init_array     0x0800734c        0x4
                0x0800734c                PROVIDE (__init_array_start, .)
 *(SORT(.init_array.*))
 *(.init_array*)
 .init_array    0x0800734c        0x4 d:/programs/stm/truestudio for arm 5.4.0/armtools/bin/../lib/gcc/arm-atollic-eabi/4.8.3/armv7-m/crtbegin.o
                0x08007350                PROVIDE (__init_array_end, .)

.fini_array     0x08007350        0x4
                0x08007350                PROVIDE (__fini_array_start, .)
 *(SORT(.fini_array.*))
 *(.fini_array*)
 .fini_array    0x08007350        0x4 d:/programs/stm/truestudio for arm 5.4.0/armtools/bin/../lib/gcc/arm-atollic-eabi/4.8.3/armv7-m/crtbegin.o
                0x08007354                PROVIDE (__fini_array_end, .)
                0x08007354                _sidata = LOADADDR (.data)

.data           0x20000000      0x558 load address 0x08007354
                0x20000000                . = ALIGN (0x4)
                0x20000000                _sdata = .
 *(.data)
 *(.data*)
 .data.SystemCoreClock
                0x20000000        0x4 Drivers\CMSIS\system_stm32f1xx.o
                0x20000000                SystemCoreClock
 .data.sweepWendAdcVoltage
                0x20000004        0x4 Application\User\main.o
                0x20000004                sweepWendAdcVoltage
 .data.sweepDirection
                0x20000008        0x4 Application\User\main.o
                0x20000008                sweepDirection
 .data.sweepMaxOutputValue
                0x2000000c        0x4 Application\User\main.o
                0x2000000c                sweepMaxOutputValue
 .data.sweepMinOutputValue
                0x20000010        0x4 Application\User\main.o
                0x20000010                sweepMinOutputValue
 .data.sweepIncrement
                0x20000014        0x4 Application\User\main.o
                0x20000014                sweepIncrement
 .data.__ctype_ptr__
                0x20000018        0x4 d:/programs/stm/truestudio for arm 5.4.0/armtools/bin/../lib/gcc/arm-atollic-eabi/4.8.3/../../../../arm-atollic-eabi/lib/armv7-m\libc.a(lib_a-ctype_.o)
                0x20000018                __ctype_ptr__
 .data.impure_data
                0x2000001c       0xf0 d:/programs/stm/truestudio for arm 5.4.0/armtools/bin/../lib/gcc/arm-atollic-eabi/4.8.3/../../../../arm-atollic-eabi/lib/armv7-m\libc.a(lib_a-impure.o)
 .data._impure_ptr
                0x2000010c        0x4 d:/programs/stm/truestudio for arm 5.4.0/armtools/bin/../lib/gcc/arm-atollic-eabi/4.8.3/../../../../arm-atollic-eabi/lib/armv7-m\libc.a(lib_a-impure.o)
                0x2000010c                _impure_ptr
 .data.lconv    0x20000110       0x38 d:/programs/stm/truestudio for arm 5.4.0/armtools/bin/../lib/gcc/arm-atollic-eabi/4.8.3/../../../../arm-atollic-eabi/lib/armv7-m\libc.a(lib_a-locale.o)
 .data.__malloc_av_
                0x20000148      0x408 d:/programs/stm/truestudio for arm 5.4.0/armtools/bin/../lib/gcc/arm-atollic-eabi/4.8.3/../../../../arm-atollic-eabi/lib/armv7-m\libc.a(lib_a-mallocr.o)
                0x20000148                __malloc_av_
 .data.__malloc_trim_threshold
                0x20000550        0x4 d:/programs/stm/truestudio for arm 5.4.0/armtools/bin/../lib/gcc/arm-atollic-eabi/4.8.3/../../../../arm-atollic-eabi/lib/armv7-m\libc.a(lib_a-mallocr.o)
                0x20000550                __malloc_trim_threshold
 .data.__malloc_sbrk_base
                0x20000554        0x4 d:/programs/stm/truestudio for arm 5.4.0/armtools/bin/../lib/gcc/arm-atollic-eabi/4.8.3/../../../../arm-atollic-eabi/lib/armv7-m\libc.a(lib_a-mallocr.o)
                0x20000554                __malloc_sbrk_base
                0x20000558                . = ALIGN (0x4)
                0x20000558                _edata = .

.igot.plt       0x20000558        0x0 load address 0x080078ac
 .igot.plt      0x00000000        0x0 d:/programs/stm/truestudio for arm 5.4.0/armtools/bin/../lib/gcc/arm-atollic-eabi/4.8.3/armv7-m/crtbegin.o
                0x20000558                . = ALIGN (0x4)

.bss            0x20000558      0xc2c load address 0x080078ac
                0x20000558                _sbss = .
                0x20000558                __bss_start__ = _sbss
 *(.bss)
 .bss           0x20000558       0x1c d:/programs/stm/truestudio for arm 5.4.0/armtools/bin/../lib/gcc/arm-atollic-eabi/4.8.3/armv7-m/crtbegin.o
 *(.bss*)
 .bss.uwTick    0x20000574        0x4 Drivers\STM32F1xx_HAL_Driver\stm32f1xx_hal.o
 .bss.sendData  0x20000578        0x4 Application\User\main.o
                0x20000578                sendData
 .bss.adcVectorPos
                0x2000057c        0x4 Application\User\main.o
                0x2000057c                adcVectorPos
 .bss.lengthOfLastSweep
                0x20000580        0x4 Application\User\main.o
                0x20000580                lengthOfLastSweep
 .bss.pos.7563  0x20000584        0x4 Application\User\main.o
 .bss.sweepOutputValue
                0x20000588        0x4 Application\User\main.o
                0x20000588                sweepOutputValue
 .bss.__malloc_max_total_mem
                0x2000058c        0x4 d:/programs/stm/truestudio for arm 5.4.0/armtools/bin/../lib/gcc/arm-atollic-eabi/4.8.3/../../../../arm-atollic-eabi/lib/armv7-m\libc.a(lib_a-mallocr.o)
                0x2000058c                __malloc_max_total_mem
 .bss.__malloc_max_sbrked_mem
                0x20000590        0x4 d:/programs/stm/truestudio for arm 5.4.0/armtools/bin/../lib/gcc/arm-atollic-eabi/4.8.3/../../../../arm-atollic-eabi/lib/armv7-m\libc.a(lib_a-mallocr.o)
                0x20000590                __malloc_max_sbrked_mem
 .bss.__malloc_top_pad
                0x20000594        0x4 d:/programs/stm/truestudio for arm 5.4.0/armtools/bin/../lib/gcc/arm-atollic-eabi/4.8.3/../../../../arm-atollic-eabi/lib/armv7-m\libc.a(lib_a-mallocr.o)
                0x20000594                __malloc_top_pad
 .bss.__malloc_current_mallinfo
                0x20000598       0x28 d:/programs/stm/truestudio for arm 5.4.0/armtools/bin/../lib/gcc/arm-atollic-eabi/4.8.3/../../../../arm-atollic-eabi/lib/armv7-m\libc.a(lib_a-mallocr.o)
                0x20000598                __malloc_current_mallinfo
 .bss.heap_end.5122
                0x200005c0        0x4 d:/programs/stm/truestudio for arm 5.4.0/armtools/bin/../lib/gcc/arm-atollic-eabi/4.8.3/../../../../arm-atollic-eabi/lib/armv7-m\libc.a(lib_a-syscalls.o)
 *(COMMON)
 *fill*         0x200005c4        0x4 
 COMMON         0x200005c8       0x20 Drivers\STM32F1xx_HAL_Driver\stm32f1xx_hal_flash.o
                0x200005c8                pFlash
 COMMON         0x200005e8       0xb8 Application\User\usart.o
                0x200005e8                huart3
                0x20000628                hdma_usart1_rx
                0x20000660                huart1
 COMMON         0x200006a0       0x78 Application\User\tim.o
                0x200006a0                htim3
                0x200006dc                htim7
 COMMON         0x20000718      0x9ec Application\User\main.o
                0x20000718                adcValues
                0x20000720                tmpString
                0x20000740                fracPart
                0x20000744                recievedCmd
                0x20000764                eraseInitDef
                0x20000774                i
                0x20000778                inputValue
                0x2000077c                rxSerial
                0x2000077e                txSerial
                0x20000794                size
                0x20000798                adcVector
                0x200010f8                adcVoltage1
                0x200010fc                status
                0x20001100                intPart
 COMMON         0x20001104       0x14 Application\User\dac.o
                0x20001104                hdac
 COMMON         0x20001118       0x68 Application\User\adc.o
                0x20001118                hadc1
                0x20001148                hdma_adc1
 COMMON         0x20001180        0x4 d:/programs/stm/truestudio for arm 5.4.0/armtools/bin/../lib/gcc/arm-atollic-eabi/4.8.3/../../../../arm-atollic-eabi/lib/armv7-m\libc.a(lib_a-reent.o)
                0x20001180                errno
                0x20001184                . = ALIGN (0x4)
                0x20001184                _ebss = .
                0x20001184                __bss_end__ = _ebss

._user_heap_stack
                0x20001184      0x400 load address 0x080078ac
                0x20001184                . = ALIGN (0x4)
                0x20001184                PROVIDE (end, .)
                0x20001184                PROVIDE (_end, .)
                0x20001184                . = (. + _Min_Heap_Size)
                0x20001584                . = (. + _Min_Stack_Size)
 *fill*         0x20001184      0x400 
                0x20001584                . = ALIGN (0x4)

/DISCARD/
 libc.a(*)
 libm.a(*)
 libgcc.a(*)

.ARM.attributes
                0x00000000       0x29
 *(.ARM.attributes)
 .ARM.attributes
                0x00000000       0x1d d:/programs/stm/truestudio for arm 5.4.0/armtools/bin/../lib/gcc/arm-atollic-eabi/4.8.3/armv7-m/crti.o
 .ARM.attributes
                0x0000001d       0x2d d:/programs/stm/truestudio for arm 5.4.0/armtools/bin/../lib/gcc/arm-atollic-eabi/4.8.3/armv7-m/crtbegin.o
 .ARM.attributes
                0x0000004a       0x33 Drivers\STM32F1xx_HAL_Driver\stm32f1xx_hal_uart.o
 .ARM.attributes
                0x0000007d       0x33 Drivers\STM32F1xx_HAL_Driver\stm32f1xx_hal_tim_ex.o
 .ARM.attributes
                0x000000b0       0x33 Drivers\STM32F1xx_HAL_Driver\stm32f1xx_hal_tim.o
 .ARM.attributes
                0x000000e3       0x33 Drivers\STM32F1xx_HAL_Driver\stm32f1xx_hal_rcc_ex.o
 .ARM.attributes
                0x00000116       0x33 Drivers\STM32F1xx_HAL_Driver\stm32f1xx_hal_rcc.o
 .ARM.attributes
                0x00000149       0x33 Drivers\STM32F1xx_HAL_Driver\stm32f1xx_hal_gpio.o
 .ARM.attributes
                0x0000017c       0x33 Drivers\STM32F1xx_HAL_Driver\stm32f1xx_hal_flash_ex.o
 .ARM.attributes
                0x000001af       0x33 Drivers\STM32F1xx_HAL_Driver\stm32f1xx_hal_flash.o
 .ARM.attributes
                0x000001e2       0x33 Drivers\STM32F1xx_HAL_Driver\stm32f1xx_hal_dma.o
 .ARM.attributes
                0x00000215       0x33 Drivers\STM32F1xx_HAL_Driver\stm32f1xx_hal_dac.o
 .ARM.attributes
                0x00000248       0x33 Drivers\STM32F1xx_HAL_Driver\stm32f1xx_hal_cortex.o
 .ARM.attributes
                0x0000027b       0x33 Drivers\STM32F1xx_HAL_Driver\stm32f1xx_hal_adc_ex.o
 .ARM.attributes
                0x000002ae       0x33 Drivers\STM32F1xx_HAL_Driver\stm32f1xx_hal_adc.o
 .ARM.attributes
                0x000002e1       0x33 Drivers\STM32F1xx_HAL_Driver\stm32f1xx_hal.o
 .ARM.attributes
                0x00000314       0x33 Drivers\CMSIS\system_stm32f1xx.o
 .ARM.attributes
                0x00000347       0x33 Application\User\usart.o
 .ARM.attributes
                0x0000037a       0x33 Application\User\tim.o
 .ARM.attributes
                0x000003ad       0x33 Application\User\stm32f1xx_it.o
 .ARM.attributes
                0x000003e0       0x33 Application\User\stm32f1xx_hal_msp.o
 .ARM.attributes
                0x00000413       0x33 Application\User\main.o
 .ARM.attributes
                0x00000446       0x33 Application\User\gpio.o
 .ARM.attributes
                0x00000479       0x33 Application\User\dma.o
 .ARM.attributes
                0x000004ac       0x33 Application\User\dac.o
 .ARM.attributes
                0x000004df       0x33 Application\User\adc.o
 .ARM.attributes
                0x00000512       0x21 Application\TrueSTUDIO\startup_stm32f100xb.o
 .ARM.attributes
                0x00000533       0x2d d:/programs/stm/truestudio for arm 5.4.0/armtools/bin/../lib/gcc/arm-atollic-eabi/4.8.3/../../../../arm-atollic-eabi/lib/armv7-m\libc.a(lib_a-atoi.o)
 .ARM.attributes
                0x00000560       0x2d d:/programs/stm/truestudio for arm 5.4.0/armtools/bin/../lib/gcc/arm-atollic-eabi/4.8.3/../../../../arm-atollic-eabi/lib/armv7-m\libc.a(lib_a-init.o)
 .ARM.attributes
                0x0000058d       0x2d d:/programs/stm/truestudio for arm 5.4.0/armtools/bin/../lib/gcc/arm-atollic-eabi/4.8.3/../../../../arm-atollic-eabi/lib/armv7-m\libc.a(lib_a-memset.o)
 .ARM.attributes
                0x000005ba       0x2d d:/programs/stm/truestudio for arm 5.4.0/armtools/bin/../lib/gcc/arm-atollic-eabi/4.8.3/../../../../arm-atollic-eabi/lib/armv7-m\libc.a(lib_a-snprintf.o)
 .ARM.attributes
                0x000005e7       0x1b d:/programs/stm/truestudio for arm 5.4.0/armtools/bin/../lib/gcc/arm-atollic-eabi/4.8.3/../../../../arm-atollic-eabi/lib/armv7-m\libc.a(lib_a-strcmp.o)
 .ARM.attributes
                0x00000602       0x2d d:/programs/stm/truestudio for arm 5.4.0/armtools/bin/../lib/gcc/arm-atollic-eabi/4.8.3/../../../../arm-atollic-eabi/lib/armv7-m\libc.a(lib_a-strlen.o)
 .ARM.attributes
                0x0000062f       0x2d d:/programs/stm/truestudio for arm 5.4.0/armtools/bin/../lib/gcc/arm-atollic-eabi/4.8.3/../../../../arm-atollic-eabi/lib/armv7-m\libc.a(lib_a-strncmp.o)
 .ARM.attributes
                0x0000065c       0x2d d:/programs/stm/truestudio for arm 5.4.0/armtools/bin/../lib/gcc/arm-atollic-eabi/4.8.3/../../../../arm-atollic-eabi/lib/armv7-m\libc.a(lib_a-strtol.o)
 .ARM.attributes
                0x00000689       0x2d d:/programs/stm/truestudio for arm 5.4.0/armtools/bin/../lib/gcc/arm-atollic-eabi/4.8.3/../../../../arm-atollic-eabi/lib/armv7-m\libc.a(lib_a-svfprintf.o)
 .ARM.attributes
                0x000006b6       0x2d d:/programs/stm/truestudio for arm 5.4.0/armtools/bin/../lib/gcc/arm-atollic-eabi/4.8.3/../../../../arm-atollic-eabi/lib/armv7-m\libc.a(lib_a-ctype_.o)
 .ARM.attributes
                0x000006e3       0x2d d:/programs/stm/truestudio for arm 5.4.0/armtools/bin/../lib/gcc/arm-atollic-eabi/4.8.3/../../../../arm-atollic-eabi/lib/armv7-m\libc.a(lib_a-dtoa.o)
 .ARM.attributes
                0x00000710       0x2d d:/programs/stm/truestudio for arm 5.4.0/armtools/bin/../lib/gcc/arm-atollic-eabi/4.8.3/../../../../arm-atollic-eabi/lib/armv7-m\libc.a(lib_a-impure.o)
 .ARM.attributes
                0x0000073d       0x2d d:/programs/stm/truestudio for arm 5.4.0/armtools/bin/../lib/gcc/arm-atollic-eabi/4.8.3/../../../../arm-atollic-eabi/lib/armv7-m\libc.a(lib_a-locale.o)
 .ARM.attributes
                0x0000076a       0x2d d:/programs/stm/truestudio for arm 5.4.0/armtools/bin/../lib/gcc/arm-atollic-eabi/4.8.3/../../../../arm-atollic-eabi/lib/armv7-m\libc.a(lib_a-malloc.o)
 .ARM.attributes
                0x00000797       0x2d d:/programs/stm/truestudio for arm 5.4.0/armtools/bin/../lib/gcc/arm-atollic-eabi/4.8.3/../../../../arm-atollic-eabi/lib/armv7-m\libc.a(lib_a-mallocr.o)
 .ARM.attributes
                0x000007c4       0x2d d:/programs/stm/truestudio for arm 5.4.0/armtools/bin/../lib/gcc/arm-atollic-eabi/4.8.3/../../../../arm-atollic-eabi/lib/armv7-m\libc.a(lib_a-memchr-stub.o)
 .ARM.attributes
                0x000007f1       0x2d d:/programs/stm/truestudio for arm 5.4.0/armtools/bin/../lib/gcc/arm-atollic-eabi/4.8.3/../../../../arm-atollic-eabi/lib/armv7-m\libc.a(lib_a-memcpy-stub.o)
 .ARM.attributes
                0x0000081e       0x2d d:/programs/stm/truestudio for arm 5.4.0/armtools/bin/../lib/gcc/arm-atollic-eabi/4.8.3/../../../../arm-atollic-eabi/lib/armv7-m\libc.a(lib_a-mlock.o)
 .ARM.attributes
                0x0000084b       0x2d d:/programs/stm/truestudio for arm 5.4.0/armtools/bin/../lib/gcc/arm-atollic-eabi/4.8.3/../../../../arm-atollic-eabi/lib/armv7-m\libc.a(lib_a-mprec.o)
 .ARM.attributes
                0x00000878       0x2d d:/programs/stm/truestudio for arm 5.4.0/armtools/bin/../lib/gcc/arm-atollic-eabi/4.8.3/../../../../arm-atollic-eabi/lib/armv7-m\libc.a(lib_a-s_fpclassify.o)
 .ARM.attributes
                0x000008a5       0x2d d:/programs/stm/truestudio for arm 5.4.0/armtools/bin/../lib/gcc/arm-atollic-eabi/4.8.3/../../../../arm-atollic-eabi/lib/armv7-m\libc.a(lib_a-sbrkr.o)
 .ARM.attributes
                0x000008d2       0x2d d:/programs/stm/truestudio for arm 5.4.0/armtools/bin/../lib/gcc/arm-atollic-eabi/4.8.3/../../../../arm-atollic-eabi/lib/armv7-m\libc.a(lib_a-svfiprintf.o)
 .ARM.attributes
                0x000008ff       0x2d d:/programs/stm/truestudio for arm 5.4.0/armtools/bin/../lib/gcc/arm-atollic-eabi/4.8.3/../../../../arm-atollic-eabi/lib/armv7-m\libc.a(lib_a-syscalls.o)
 .ARM.attributes
                0x0000092c       0x2d d:/programs/stm/truestudio for arm 5.4.0/armtools/bin/../lib/gcc/arm-atollic-eabi/4.8.3/../../../../arm-atollic-eabi/lib/armv7-m\libc.a(lib_a-callocr.o)
 .ARM.attributes
                0x00000959       0x2d d:/programs/stm/truestudio for arm 5.4.0/armtools/bin/../lib/gcc/arm-atollic-eabi/4.8.3/../../../../arm-atollic-eabi/lib/armv7-m\libc.a(lib_a-freer.o)
 .ARM.attributes
                0x00000986       0x2d d:/programs/stm/truestudio for arm 5.4.0/armtools/bin/../lib/gcc/arm-atollic-eabi/4.8.3/../../../../arm-atollic-eabi/lib/armv7-m\libc.a(lib_a-memmove.o)
 .ARM.attributes
                0x000009b3       0x2d d:/programs/stm/truestudio for arm 5.4.0/armtools/bin/../lib/gcc/arm-atollic-eabi/4.8.3/../../../../arm-atollic-eabi/lib/armv7-m\libc.a(lib_a-reallocr.o)
 .ARM.attributes
                0x000009e0       0x2d d:/programs/stm/truestudio for arm 5.4.0/armtools/bin/../lib/gcc/arm-atollic-eabi/4.8.3/../../../../arm-atollic-eabi/lib/armv7-m\libc.a(lib_a-reent.o)
 .ARM.attributes
                0x00000a0d       0x1d d:/programs/stm/truestudio for arm 5.4.0/armtools/bin/../lib/gcc/arm-atollic-eabi/4.8.3/armv7-m\libgcc.a(_lshrdi3.o)
 .ARM.attributes
                0x00000a2a       0x1d d:/programs/stm/truestudio for arm 5.4.0/armtools/bin/../lib/gcc/arm-atollic-eabi/4.8.3/armv7-m\libgcc.a(_arm_addsubdf3.o)
 .ARM.attributes
                0x00000a47       0x1d d:/programs/stm/truestudio for arm 5.4.0/armtools/bin/../lib/gcc/arm-atollic-eabi/4.8.3/armv7-m\libgcc.a(_arm_muldivdf3.o)
 .ARM.attributes
                0x00000a64       0x1d d:/programs/stm/truestudio for arm 5.4.0/armtools/bin/../lib/gcc/arm-atollic-eabi/4.8.3/armv7-m\libgcc.a(_arm_cmpdf2.o)
 .ARM.attributes
                0x00000a81       0x1d d:/programs/stm/truestudio for arm 5.4.0/armtools/bin/../lib/gcc/arm-atollic-eabi/4.8.3/armv7-m\libgcc.a(_arm_fixdfsi.o)
 .ARM.attributes
                0x00000a9e       0x1d d:/programs/stm/truestudio for arm 5.4.0/armtools/bin/../lib/gcc/arm-atollic-eabi/4.8.3/armv7-m\libgcc.a(_arm_truncdfsf2.o)
 .ARM.attributes
                0x00000abb       0x1d d:/programs/stm/truestudio for arm 5.4.0/armtools/bin/../lib/gcc/arm-atollic-eabi/4.8.3/armv7-m\libgcc.a(_arm_addsubsf3.o)
 .ARM.attributes
                0x00000ad8       0x1d d:/programs/stm/truestudio for arm 5.4.0/armtools/bin/../lib/gcc/arm-atollic-eabi/4.8.3/armv7-m\libgcc.a(_arm_fixsfsi.o)
 .ARM.attributes
                0x00000af5       0x1d d:/programs/stm/truestudio for arm 5.4.0/armtools/bin/../lib/gcc/arm-atollic-eabi/4.8.3/armv7-m\libgcc.a(_aeabi_uldivmod.o)
 .ARM.attributes
                0x00000b12       0x2d d:/programs/stm/truestudio for arm 5.4.0/armtools/bin/../lib/gcc/arm-atollic-eabi/4.8.3/armv7-m\libgcc.a(bpabi.o)
 .ARM.attributes
                0x00000b3f       0x1d d:/programs/stm/truestudio for arm 5.4.0/armtools/bin/../lib/gcc/arm-atollic-eabi/4.8.3/armv7-m\libgcc.a(_dvmd_tls.o)
 .ARM.attributes
                0x00000b5c       0x2d d:/programs/stm/truestudio for arm 5.4.0/armtools/bin/../lib/gcc/arm-atollic-eabi/4.8.3/armv7-m\libgcc.a(_divdi3.o)
 .ARM.attributes
                0x00000b89       0x2d d:/programs/stm/truestudio for arm 5.4.0/armtools/bin/../lib/gcc/arm-atollic-eabi/4.8.3/armv7-m\libgcc.a(_udivdi3.o)
 .ARM.attributes
                0x00000bb6       0x1d d:/programs/stm/truestudio for arm 5.4.0/armtools/bin/../lib/gcc/arm-atollic-eabi/4.8.3/armv7-m/crtn.o
OUTPUT(test6 Configuration.elf elf32-littlearm)

.debug_info     0x00000000    0x11a12
 .debug_info    0x00000000     0x112d Drivers\STM32F1xx_HAL_Driver\stm32f1xx_hal_uart.o
 .debug_info    0x0000112d     0x11c9 Drivers\STM32F1xx_HAL_Driver\stm32f1xx_hal_tim_ex.o
 .debug_info    0x000022f6     0x3379 Drivers\STM32F1xx_HAL_Driver\stm32f1xx_hal_tim.o
 .debug_info    0x0000566f      0x4b2 Drivers\STM32F1xx_HAL_Driver\stm32f1xx_hal_rcc_ex.o
 .debug_info    0x00005b21     0x1374 Drivers\STM32F1xx_HAL_Driver\stm32f1xx_hal_rcc.o
 .debug_info    0x00006e95      0x616 Drivers\STM32F1xx_HAL_Driver\stm32f1xx_hal_gpio.o
 .debug_info    0x000074ab      0xb19 Drivers\STM32F1xx_HAL_Driver\stm32f1xx_hal_flash_ex.o
 .debug_info    0x00007fc4      0x5ed Drivers\STM32F1xx_HAL_Driver\stm32f1xx_hal_flash.o
 .debug_info    0x000085b1      0x62b Drivers\STM32F1xx_HAL_Driver\stm32f1xx_hal_dma.o
 .debug_info    0x00008bdc      0x8fa Drivers\STM32F1xx_HAL_Driver\stm32f1xx_hal_dac.o
 .debug_info    0x000094d6      0xbf8 Drivers\STM32F1xx_HAL_Driver\stm32f1xx_hal_cortex.o
 .debug_info    0x0000a0ce      0xa76 Drivers\STM32F1xx_HAL_Driver\stm32f1xx_hal_adc_ex.o
 .debug_info    0x0000ab44     0x1088 Drivers\STM32F1xx_HAL_Driver\stm32f1xx_hal_adc.o
 .debug_info    0x0000bbcc      0x630 Drivers\STM32F1xx_HAL_Driver\stm32f1xx_hal.o
 .debug_info    0x0000c1fc      0x3b1 Drivers\CMSIS\system_stm32f1xx.o
 .debug_info    0x0000c5ad      0xa2d Application\User\usart.o
 .debug_info    0x0000cfda      0x998 Application\User\tim.o
 .debug_info    0x0000d972      0xa8e Application\User\stm32f1xx_it.o
 .debug_info    0x0000e400      0x32c Application\User\stm32f1xx_hal_msp.o
 .debug_info    0x0000e72c     0x18ce Application\User\main.o
 .debug_info    0x0000fffa      0x4ab Application\User\gpio.o
 .debug_info    0x000104a5      0x35b Application\User\dma.o
 .debug_info    0x00010800      0x732 Application\User\dac.o
 .debug_info    0x00010f32      0xa17 Application\User\adc.o
 .debug_info    0x00011949       0xc9 Application\TrueSTUDIO\startup_stm32f100xb.o

.debug_abbrev   0x00000000     0x334f
 .debug_abbrev  0x00000000      0x2ab Drivers\STM32F1xx_HAL_Driver\stm32f1xx_hal_uart.o
 .debug_abbrev  0x000002ab      0x229 Drivers\STM32F1xx_HAL_Driver\stm32f1xx_hal_tim_ex.o
 .debug_abbrev  0x000004d4      0x324 Drivers\STM32F1xx_HAL_Driver\stm32f1xx_hal_tim.o
 .debug_abbrev  0x000007f8      0x20d Drivers\STM32F1xx_HAL_Driver\stm32f1xx_hal_rcc_ex.o
 .debug_abbrev  0x00000a05      0x352 Drivers\STM32F1xx_HAL_Driver\stm32f1xx_hal_rcc.o
 .debug_abbrev  0x00000d57      0x1c8 Drivers\STM32F1xx_HAL_Driver\stm32f1xx_hal_gpio.o
 .debug_abbrev  0x00000f1f      0x2c2 Drivers\STM32F1xx_HAL_Driver\stm32f1xx_hal_flash_ex.o
 .debug_abbrev  0x000011e1      0x274 Drivers\STM32F1xx_HAL_Driver\stm32f1xx_hal_flash.o
 .debug_abbrev  0x00001455      0x202 Drivers\STM32F1xx_HAL_Driver\stm32f1xx_hal_dma.o
 .debug_abbrev  0x00001657      0x1c2 Drivers\STM32F1xx_HAL_Driver\stm32f1xx_hal_dac.o
 .debug_abbrev  0x00001819      0x29f Drivers\STM32F1xx_HAL_Driver\stm32f1xx_hal_cortex.o
 .debug_abbrev  0x00001ab8      0x2a3 Drivers\STM32F1xx_HAL_Driver\stm32f1xx_hal_adc_ex.o
 .debug_abbrev  0x00001d5b      0x2e5 Drivers\STM32F1xx_HAL_Driver\stm32f1xx_hal_adc.o
 .debug_abbrev  0x00002040      0x255 Drivers\STM32F1xx_HAL_Driver\stm32f1xx_hal.o
 .debug_abbrev  0x00002295      0x101 Drivers\CMSIS\system_stm32f1xx.o
 .debug_abbrev  0x00002396      0x1c2 Application\User\usart.o
 .debug_abbrev  0x00002558      0x1e4 Application\User\tim.o
 .debug_abbrev  0x0000273c      0x198 Application\User\stm32f1xx_it.o
 .debug_abbrev  0x000028d4      0x11e Application\User\stm32f1xx_hal_msp.o
 .debug_abbrev  0x000029f2      0x353 Application\User\main.o
 .debug_abbrev  0x00002d45      0x152 Application\User\gpio.o
 .debug_abbrev  0x00002e97      0x11e Application\User\dma.o
 .debug_abbrev  0x00002fb5      0x1c9 Application\User\dac.o
 .debug_abbrev  0x0000317e      0x1bf Application\User\adc.o
 .debug_abbrev  0x0000333d       0x12 Application\TrueSTUDIO\startup_stm32f100xb.o

.debug_loc      0x00000000     0x8801
 .debug_loc     0x00000000      0xd9e Drivers\STM32F1xx_HAL_Driver\stm32f1xx_hal_uart.o
 .debug_loc     0x00000d9e      0xa7b Drivers\STM32F1xx_HAL_Driver\stm32f1xx_hal_tim_ex.o
 .debug_loc     0x00001819     0x32a2 Drivers\STM32F1xx_HAL_Driver\stm32f1xx_hal_tim.o
 .debug_loc     0x00004abb      0x28c Drivers\STM32F1xx_HAL_Driver\stm32f1xx_hal_rcc_ex.o
 .debug_loc     0x00004d47      0xae7 Drivers\STM32F1xx_HAL_Driver\stm32f1xx_hal_rcc.o
 .debug_loc     0x0000582e      0x329 Drivers\STM32F1xx_HAL_Driver\stm32f1xx_hal_gpio.o
 .debug_loc     0x00005b57      0x605 Drivers\STM32F1xx_HAL_Driver\stm32f1xx_hal_flash_ex.o
 .debug_loc     0x0000615c      0x2e8 Drivers\STM32F1xx_HAL_Driver\stm32f1xx_hal_flash.o
 .debug_loc     0x00006444      0x432 Drivers\STM32F1xx_HAL_Driver\stm32f1xx_hal_dma.o
 .debug_loc     0x00006876      0x54f Drivers\STM32F1xx_HAL_Driver\stm32f1xx_hal_dac.o
 .debug_loc     0x00006dc5      0x443 Drivers\STM32F1xx_HAL_Driver\stm32f1xx_hal_cortex.o
 .debug_loc     0x00007208      0x666 Drivers\STM32F1xx_HAL_Driver\stm32f1xx_hal_adc_ex.o
 .debug_loc     0x0000786e      0xadb Drivers\STM32F1xx_HAL_Driver\stm32f1xx_hal_adc.o
 .debug_loc     0x00008349       0x7b Drivers\STM32F1xx_HAL_Driver\stm32f1xx_hal.o
 .debug_loc     0x000083c4       0xdb Drivers\CMSIS\system_stm32f1xx.o
 .debug_loc     0x0000849f       0x8f Application\User\usart.o
 .debug_loc     0x0000852e       0x7f Application\User\tim.o
 .debug_loc     0x000085ad      0x1a4 Application\User\main.o
 .debug_loc     0x00008751       0x4d Application\User\dac.o
 .debug_loc     0x0000879e       0x63 Application\User\adc.o

.debug_aranges  0x00000000      0xd80
 .debug_aranges
                0x00000000      0x138 Drivers\STM32F1xx_HAL_Driver\stm32f1xx_hal_uart.o
 .debug_aranges
                0x00000138      0x138 Drivers\STM32F1xx_HAL_Driver\stm32f1xx_hal_tim_ex.o
 .debug_aranges
                0x00000270      0x330 Drivers\STM32F1xx_HAL_Driver\stm32f1xx_hal_tim.o
 .debug_aranges
                0x000005a0       0x30 Drivers\STM32F1xx_HAL_Driver\stm32f1xx_hal_rcc_ex.o
 .debug_aranges
                0x000005d0       0x88 Drivers\STM32F1xx_HAL_Driver\stm32f1xx_hal_rcc.o
 .debug_aranges
                0x00000658       0x58 Drivers\STM32F1xx_HAL_Driver\stm32f1xx_hal_gpio.o
 .debug_aranges
                0x000006b0       0x58 Drivers\STM32F1xx_HAL_Driver\stm32f1xx_hal_flash_ex.o
 .debug_aranges
                0x00000708       0x80 Drivers\STM32F1xx_HAL_Driver\stm32f1xx_hal_flash.o
 .debug_aranges
                0x00000788       0x60 Drivers\STM32F1xx_HAL_Driver\stm32f1xx_hal_dma.o
 .debug_aranges
                0x000007e8       0xb0 Drivers\STM32F1xx_HAL_Driver\stm32f1xx_hal_dac.o
 .debug_aranges
                0x00000898       0x90 Drivers\STM32F1xx_HAL_Driver\stm32f1xx_hal_cortex.o
 .debug_aranges
                0x00000928       0x60 Drivers\STM32F1xx_HAL_Driver\stm32f1xx_hal_adc_ex.o
 .debug_aranges
                0x00000988       0xf0 Drivers\STM32F1xx_HAL_Driver\stm32f1xx_hal_adc.o
 .debug_aranges
                0x00000a78       0xb0 Drivers\STM32F1xx_HAL_Driver\stm32f1xx_hal.o
 .debug_aranges
                0x00000b28       0x28 Drivers\CMSIS\system_stm32f1xx.o
 .debug_aranges
                0x00000b50       0x38 Application\User\usart.o
 .debug_aranges
                0x00000b88       0x38 Application\User\tim.o
 .debug_aranges
                0x00000bc0       0x60 Application\User\stm32f1xx_it.o
 .debug_aranges
                0x00000c20       0x20 Application\User\stm32f1xx_hal_msp.o
 .debug_aranges
                0x00000c40       0x78 Application\User\main.o
 .debug_aranges
                0x00000cb8       0x20 Application\User\gpio.o
 .debug_aranges
                0x00000cd8       0x20 Application\User\dma.o
 .debug_aranges
                0x00000cf8       0x30 Application\User\dac.o
 .debug_aranges
                0x00000d28       0x30 Application\User\adc.o
 .debug_aranges
                0x00000d58       0x28 Application\TrueSTUDIO\startup_stm32f100xb.o

.debug_ranges   0x00000000     0x12b8
 .debug_ranges  0x00000000      0x128 Drivers\STM32F1xx_HAL_Driver\stm32f1xx_hal_uart.o
 .debug_ranges  0x00000128      0x128 Drivers\STM32F1xx_HAL_Driver\stm32f1xx_hal_tim_ex.o
 .debug_ranges  0x00000250      0x428 Drivers\STM32F1xx_HAL_Driver\stm32f1xx_hal_tim.o
 .debug_ranges  0x00000678       0x50 Drivers\STM32F1xx_HAL_Driver\stm32f1xx_hal_rcc_ex.o
 .debug_ranges  0x000006c8      0x220 Drivers\STM32F1xx_HAL_Driver\stm32f1xx_hal_rcc.o
 .debug_ranges  0x000008e8       0x48 Drivers\STM32F1xx_HAL_Driver\stm32f1xx_hal_gpio.o
 .debug_ranges  0x00000930       0xa8 Drivers\STM32F1xx_HAL_Driver\stm32f1xx_hal_flash_ex.o
 .debug_ranges  0x000009d8       0xb8 Drivers\STM32F1xx_HAL_Driver\stm32f1xx_hal_flash.o
 .debug_ranges  0x00000a90       0x80 Drivers\STM32F1xx_HAL_Driver\stm32f1xx_hal_dma.o
 .debug_ranges  0x00000b10       0xa0 Drivers\STM32F1xx_HAL_Driver\stm32f1xx_hal_dac.o
 .debug_ranges  0x00000bb0       0xe8 Drivers\STM32F1xx_HAL_Driver\stm32f1xx_hal_cortex.o
 .debug_ranges  0x00000c98       0xb0 Drivers\STM32F1xx_HAL_Driver\stm32f1xx_hal_adc_ex.o
 .debug_ranges  0x00000d48      0x170 Drivers\STM32F1xx_HAL_Driver\stm32f1xx_hal_adc.o
 .debug_ranges  0x00000eb8       0xa0 Drivers\STM32F1xx_HAL_Driver\stm32f1xx_hal.o
 .debug_ranges  0x00000f58       0x18 Drivers\CMSIS\system_stm32f1xx.o
 .debug_ranges  0x00000f70       0x78 Application\User\usart.o
 .debug_ranges  0x00000fe8       0x78 Application\User\tim.o
 .debug_ranges  0x00001060       0x50 Application\User\stm32f1xx_it.o
 .debug_ranges  0x000010b0       0x30 Application\User\stm32f1xx_hal_msp.o
 .debug_ranges  0x000010e0       0x68 Application\User\main.o
 .debug_ranges  0x00001148       0x88 Application\User\gpio.o
 .debug_ranges  0x000011d0       0x40 Application\User\dma.o
 .debug_ranges  0x00001210       0x40 Application\User\dac.o
 .debug_ranges  0x00001250       0x48 Application\User\adc.o
 .debug_ranges  0x00001298       0x20 Application\TrueSTUDIO\startup_stm32f100xb.o

.debug_line     0x00000000     0x74d7
 .debug_line    0x00000000      0x9dd Drivers\STM32F1xx_HAL_Driver\stm32f1xx_hal_uart.o
 .debug_line    0x000009dd      0x763 Drivers\STM32F1xx_HAL_Driver\stm32f1xx_hal_tim_ex.o
 .debug_line    0x00001140     0x12d0 Drivers\STM32F1xx_HAL_Driver\stm32f1xx_hal_tim.o
 .debug_line    0x00002410      0x345 Drivers\STM32F1xx_HAL_Driver\stm32f1xx_hal_rcc_ex.o
 .debug_line    0x00002755      0x82c Drivers\STM32F1xx_HAL_Driver\stm32f1xx_hal_rcc.o
 .debug_line    0x00002f81      0x39f Drivers\STM32F1xx_HAL_Driver\stm32f1xx_hal_gpio.o
 .debug_line    0x00003320      0x449 Drivers\STM32F1xx_HAL_Driver\stm32f1xx_hal_flash_ex.o
 .debug_line    0x00003769      0x454 Drivers\STM32F1xx_HAL_Driver\stm32f1xx_hal_flash.o
 .debug_line    0x00003bbd      0x56c Drivers\STM32F1xx_HAL_Driver\stm32f1xx_hal_dma.o
 .debug_line    0x00004129      0x445 Drivers\STM32F1xx_HAL_Driver\stm32f1xx_hal_dac.o
 .debug_line    0x0000456e      0x364 Drivers\STM32F1xx_HAL_Driver\stm32f1xx_hal_cortex.o
 .debug_line    0x000048d2      0x59b Drivers\STM32F1xx_HAL_Driver\stm32f1xx_hal_adc_ex.o
 .debug_line    0x00004e6d      0x857 Drivers\STM32F1xx_HAL_Driver\stm32f1xx_hal_adc.o
 .debug_line    0x000056c4      0x374 Drivers\STM32F1xx_HAL_Driver\stm32f1xx_hal.o
 .debug_line    0x00005a38      0x1e6 Drivers\CMSIS\system_stm32f1xx.o
 .debug_line    0x00005c1e      0x2d2 Application\User\usart.o
 .debug_line    0x00005ef0      0x282 Application\User\tim.o
 .debug_line    0x00006172      0x2e8 Application\User\stm32f1xx_it.o
 .debug_line    0x0000645a      0x1cb Application\User\stm32f1xx_hal_msp.o
 .debug_line    0x00006625      0x56b Application\User\main.o
 .debug_line    0x00006b90      0x1f4 Application\User\gpio.o
 .debug_line    0x00006d84      0x1c3 Application\User\dma.o
 .debug_line    0x00006f47      0x238 Application\User\dac.o
 .debug_line    0x0000717f      0x2a6 Application\User\adc.o
 .debug_line    0x00007425       0xb2 Application\TrueSTUDIO\startup_stm32f100xb.o

.debug_str      0x00000000     0x3ead
 .debug_str     0x00000000      0x8ce Drivers\STM32F1xx_HAL_Driver\stm32f1xx_hal_uart.o
                                0x9b0 (size before relaxing)
 .debug_str     0x000008ce      0x7dd Drivers\STM32F1xx_HAL_Driver\stm32f1xx_hal_tim_ex.o
                                0xbdd (size before relaxing)
 .debug_str     0x000010ab      0xc13 Drivers\STM32F1xx_HAL_Driver\stm32f1xx_hal_tim.o
                               0x1343 (size before relaxing)
 .debug_str     0x00001cbe      0x18f Drivers\STM32F1xx_HAL_Driver\stm32f1xx_hal_rcc_ex.o
                                0x3c2 (size before relaxing)
 .debug_str     0x00001e4d      0x337 Drivers\STM32F1xx_HAL_Driver\stm32f1xx_hal_rcc.o
                                0x619 (size before relaxing)
 .debug_str     0x00002184      0x189 Drivers\STM32F1xx_HAL_Driver\stm32f1xx_hal_gpio.o
                                0x43e (size before relaxing)
 .debug_str     0x0000230d      0x3d9 Drivers\STM32F1xx_HAL_Driver\stm32f1xx_hal_flash_ex.o
                                0x660 (size before relaxing)
 .debug_str     0x000026e6      0x19a Drivers\STM32F1xx_HAL_Driver\stm32f1xx_hal_flash.o
                                0x55b (size before relaxing)
 .debug_str     0x00002880      0x12f Drivers\STM32F1xx_HAL_Driver\stm32f1xx_hal_dma.o
                                0x524 (size before relaxing)
 .debug_str     0x000029af      0x2eb Drivers\STM32F1xx_HAL_Driver\stm32f1xx_hal_dac.o
                                0x6f1 (size before relaxing)
 .debug_str     0x00002c9a      0x5cd Drivers\STM32F1xx_HAL_Driver\stm32f1xx_hal_cortex.o
                                0x8ab (size before relaxing)
 .debug_str     0x00003267      0x370 Drivers\STM32F1xx_HAL_Driver\stm32f1xx_hal_adc_ex.o
                                0x7b0 (size before relaxing)
 .debug_str     0x000035d7      0x2ad Drivers\STM32F1xx_HAL_Driver\stm32f1xx_hal_adc.o
                                0x8e3 (size before relaxing)
 .debug_str     0x00003884      0x1a2 Drivers\STM32F1xx_HAL_Driver\stm32f1xx_hal.o
                                0x73e (size before relaxing)
 .debug_str     0x00003a26       0x90 Drivers\CMSIS\system_stm32f1xx.o
                                0x30e (size before relaxing)
 .debug_str     0x00003ab6       0x6a Application\User\usart.o
                                0x9a8 (size before relaxing)
 .debug_str     0x00003b20       0x43 Application\User\tim.o
                                0xa1a (size before relaxing)
 .debug_str     0x00003b63       0xd3 Application\User\stm32f1xx_it.o
                                0x96a (size before relaxing)
 .debug_str     0x00003c36       0x21 Application\User\stm32f1xx_hal_msp.o
                                0x50d (size before relaxing)
 .debug_str     0x00003c57      0x209 Application\User\main.o
                               0x11c4 (size before relaxing)
 .debug_str     0x00003e60       0x14 Application\User\gpio.o
                                0x561 (size before relaxing)
 .debug_str     0x00003e74       0x13 Application\User\dma.o
                                0x4f5 (size before relaxing)
 .debug_str     0x00003e87       0x13 Application\User\dac.o
                                0x61f (size before relaxing)
 .debug_str     0x00003e9a       0x13 Application\User\adc.o
                                0x934 (size before relaxing)

.comment        0x00000000       0x82
 .comment       0x00000000       0x82 Drivers\STM32F1xx_HAL_Driver\stm32f1xx_hal_uart.o
                                 0x83 (size before relaxing)
 .comment       0x00000000       0x83 Drivers\STM32F1xx_HAL_Driver\stm32f1xx_hal_tim_ex.o
 .comment       0x00000000       0x83 Drivers\STM32F1xx_HAL_Driver\stm32f1xx_hal_tim.o
 .comment       0x00000000       0x83 Drivers\STM32F1xx_HAL_Driver\stm32f1xx_hal_rcc_ex.o
 .comment       0x00000000       0x83 Drivers\STM32F1xx_HAL_Driver\stm32f1xx_hal_rcc.o
 .comment       0x00000000       0x83 Drivers\STM32F1xx_HAL_Driver\stm32f1xx_hal_gpio.o
 .comment       0x00000000       0x83 Drivers\STM32F1xx_HAL_Driver\stm32f1xx_hal_flash_ex.o
 .comment       0x00000000       0x83 Drivers\STM32F1xx_HAL_Driver\stm32f1xx_hal_flash.o
 .comment       0x00000000       0x83 Drivers\STM32F1xx_HAL_Driver\stm32f1xx_hal_dma.o
 .comment       0x00000000       0x83 Drivers\STM32F1xx_HAL_Driver\stm32f1xx_hal_dac.o
 .comment       0x00000000       0x83 Drivers\STM32F1xx_HAL_Driver\stm32f1xx_hal_cortex.o
 .comment       0x00000000       0x83 Drivers\STM32F1xx_HAL_Driver\stm32f1xx_hal_adc_ex.o
 .comment       0x00000000       0x83 Drivers\STM32F1xx_HAL_Driver\stm32f1xx_hal_adc.o
 .comment       0x00000000       0x83 Drivers\STM32F1xx_HAL_Driver\stm32f1xx_hal.o
 .comment       0x00000000       0x83 Drivers\CMSIS\system_stm32f1xx.o
 .comment       0x00000000       0x83 Application\User\usart.o
 .comment       0x00000000       0x83 Application\User\tim.o
 .comment       0x00000000       0x83 Application\User\stm32f1xx_it.o
 .comment       0x00000000       0x83 Application\User\stm32f1xx_hal_msp.o
 .comment       0x00000000       0x83 Application\User\main.o
 .comment       0x00000000       0x83 Application\User\gpio.o
 .comment       0x00000000       0x83 Application\User\dma.o
 .comment       0x00000000       0x83 Application\User\dac.o
 .comment       0x00000000       0x83 Application\User\adc.o

.debug_frame    0x00000000     0x29fc
 .debug_frame   0x00000000      0x318 Drivers\STM32F1xx_HAL_Driver\stm32f1xx_hal_uart.o
 .debug_frame   0x00000318      0x35c Drivers\STM32F1xx_HAL_Driver\stm32f1xx_hal_tim_ex.o
 .debug_frame   0x00000674      0x87c Drivers\STM32F1xx_HAL_Driver\stm32f1xx_hal_tim.o
 .debug_frame   0x00000ef0       0x58 Drivers\STM32F1xx_HAL_Driver\stm32f1xx_hal_rcc_ex.o
 .debug_frame   0x00000f48      0x144 Drivers\STM32F1xx_HAL_Driver\stm32f1xx_hal_rcc.o
 .debug_frame   0x0000108c       0xc0 Drivers\STM32F1xx_HAL_Driver\stm32f1xx_hal_gpio.o
 .debug_frame   0x0000114c       0xd4 Drivers\STM32F1xx_HAL_Driver\stm32f1xx_hal_flash_ex.o
 .debug_frame   0x00001220      0x124 Drivers\STM32F1xx_HAL_Driver\stm32f1xx_hal_flash.o
 .debug_frame   0x00001344       0xf4 Drivers\STM32F1xx_HAL_Driver\stm32f1xx_hal_dma.o
 .debug_frame   0x00001438      0x1a8 Drivers\STM32F1xx_HAL_Driver\stm32f1xx_hal_dac.o
 .debug_frame   0x000015e0      0x120 Drivers\STM32F1xx_HAL_Driver\stm32f1xx_hal_cortex.o
 .debug_frame   0x00001700       0xfc Drivers\STM32F1xx_HAL_Driver\stm32f1xx_hal_adc_ex.o
 .debug_frame   0x000017fc      0x290 Drivers\STM32F1xx_HAL_Driver\stm32f1xx_hal_adc.o
 .debug_frame   0x00001a8c      0x164 Drivers\STM32F1xx_HAL_Driver\stm32f1xx_hal.o
 .debug_frame   0x00001bf0       0x38 Drivers\CMSIS\system_stm32f1xx.o
 .debug_frame   0x00001c28       0x68 Application\User\usart.o
 .debug_frame   0x00001c90       0x78 Application\User\tim.o
 .debug_frame   0x00001d08       0xa8 Application\User\stm32f1xx_it.o
 .debug_frame   0x00001db0       0x2c Application\User\stm32f1xx_hal_msp.o
 .debug_frame   0x00001ddc      0x144 Application\User\main.o
 .debug_frame   0x00001f20       0x2c Application\User\gpio.o
 .debug_frame   0x00001f4c       0x2c Application\User\dma.o
 .debug_frame   0x00001f78       0x60 Application\User\dac.o
 .debug_frame   0x00001fd8       0x6c Application\User\adc.o
 .debug_frame   0x00002044       0x30 d:/programs/stm/truestudio for arm 5.4.0/armtools/bin/../lib/gcc/arm-atollic-eabi/4.8.3/../../../../arm-atollic-eabi/lib/armv7-m\libc.a(lib_a-atoi.o)
 .debug_frame   0x00002074       0x2c d:/programs/stm/truestudio for arm 5.4.0/armtools/bin/../lib/gcc/arm-atollic-eabi/4.8.3/../../../../arm-atollic-eabi/lib/armv7-m\libc.a(lib_a-init.o)
 .debug_frame   0x000020a0       0x20 d:/programs/stm/truestudio for arm 5.4.0/armtools/bin/../lib/gcc/arm-atollic-eabi/4.8.3/../../../../arm-atollic-eabi/lib/armv7-m\libc.a(lib_a-memset.o)
 .debug_frame   0x000020c0       0x58 d:/programs/stm/truestudio for arm 5.4.0/armtools/bin/../lib/gcc/arm-atollic-eabi/4.8.3/../../../../arm-atollic-eabi/lib/armv7-m\libc.a(lib_a-snprintf.o)
 .debug_frame   0x00002118       0x20 d:/programs/stm/truestudio for arm 5.4.0/armtools/bin/../lib/gcc/arm-atollic-eabi/4.8.3/../../../../arm-atollic-eabi/lib/armv7-m\libc.a(lib_a-strlen.o)
 .debug_frame   0x00002138       0x2c d:/programs/stm/truestudio for arm 5.4.0/armtools/bin/../lib/gcc/arm-atollic-eabi/4.8.3/../../../../arm-atollic-eabi/lib/armv7-m\libc.a(lib_a-strncmp.o)
 .debug_frame   0x00002164       0x54 d:/programs/stm/truestudio for arm 5.4.0/armtools/bin/../lib/gcc/arm-atollic-eabi/4.8.3/../../../../arm-atollic-eabi/lib/armv7-m\libc.a(lib_a-strtol.o)
 .debug_frame   0x000021b8       0x3c d:/programs/stm/truestudio for arm 5.4.0/armtools/bin/../lib/gcc/arm-atollic-eabi/4.8.3/../../../../arm-atollic-eabi/lib/armv7-m\libc.a(lib_a-svfprintf.o)
 .debug_frame   0x000021f4       0x68 d:/programs/stm/truestudio for arm 5.4.0/armtools/bin/../lib/gcc/arm-atollic-eabi/4.8.3/../../../../arm-atollic-eabi/lib/armv7-m\libc.a(lib_a-dtoa.o)
 .debug_frame   0x0000225c       0x98 d:/programs/stm/truestudio for arm 5.4.0/armtools/bin/../lib/gcc/arm-atollic-eabi/4.8.3/../../../../arm-atollic-eabi/lib/armv7-m\libc.a(lib_a-locale.o)
 .debug_frame   0x000022f4       0x30 d:/programs/stm/truestudio for arm 5.4.0/armtools/bin/../lib/gcc/arm-atollic-eabi/4.8.3/../../../../arm-atollic-eabi/lib/armv7-m\libc.a(lib_a-malloc.o)
 .debug_frame   0x00002324       0x38 d:/programs/stm/truestudio for arm 5.4.0/armtools/bin/../lib/gcc/arm-atollic-eabi/4.8.3/../../../../arm-atollic-eabi/lib/armv7-m\libc.a(lib_a-mallocr.o)
 .debug_frame   0x0000235c       0x28 d:/programs/stm/truestudio for arm 5.4.0/armtools/bin/../lib/gcc/arm-atollic-eabi/4.8.3/../../../../arm-atollic-eabi/lib/armv7-m\libc.a(lib_a-memchr-stub.o)
 .debug_frame   0x00002384       0x28 d:/programs/stm/truestudio for arm 5.4.0/armtools/bin/../lib/gcc/arm-atollic-eabi/4.8.3/../../../../arm-atollic-eabi/lib/armv7-m\libc.a(lib_a-memcpy-stub.o)
 .debug_frame   0x000023ac       0x30 d:/programs/stm/truestudio for arm 5.4.0/armtools/bin/../lib/gcc/arm-atollic-eabi/4.8.3/../../../../arm-atollic-eabi/lib/armv7-m\libc.a(lib_a-mlock.o)
 .debug_frame   0x000023dc      0x230 d:/programs/stm/truestudio for arm 5.4.0/armtools/bin/../lib/gcc/arm-atollic-eabi/4.8.3/../../../../arm-atollic-eabi/lib/armv7-m\libc.a(lib_a-mprec.o)
 .debug_frame   0x0000260c       0x28 d:/programs/stm/truestudio for arm 5.4.0/armtools/bin/../lib/gcc/arm-atollic-eabi/4.8.3/../../../../arm-atollic-eabi/lib/armv7-m\libc.a(lib_a-s_fpclassify.o)
 .debug_frame   0x00002634       0x2c d:/programs/stm/truestudio for arm 5.4.0/armtools/bin/../lib/gcc/arm-atollic-eabi/4.8.3/../../../../arm-atollic-eabi/lib/armv7-m\libc.a(lib_a-sbrkr.o)
 .debug_frame   0x00002660       0x68 d:/programs/stm/truestudio for arm 5.4.0/armtools/bin/../lib/gcc/arm-atollic-eabi/4.8.3/../../../../arm-atollic-eabi/lib/armv7-m\libc.a(lib_a-svfiprintf.o)
 .debug_frame   0x000026c8      0x14c d:/programs/stm/truestudio for arm 5.4.0/armtools/bin/../lib/gcc/arm-atollic-eabi/4.8.3/../../../../arm-atollic-eabi/lib/armv7-m\libc.a(lib_a-syscalls.o)
 .debug_frame   0x00002814       0x28 d:/programs/stm/truestudio for arm 5.4.0/armtools/bin/../lib/gcc/arm-atollic-eabi/4.8.3/../../../../arm-atollic-eabi/lib/armv7-m\libc.a(lib_a-callocr.o)
 .debug_frame   0x0000283c       0x50 d:/programs/stm/truestudio for arm 5.4.0/armtools/bin/../lib/gcc/arm-atollic-eabi/4.8.3/../../../../arm-atollic-eabi/lib/armv7-m\libc.a(lib_a-freer.o)
 .debug_frame   0x0000288c       0x2c d:/programs/stm/truestudio for arm 5.4.0/armtools/bin/../lib/gcc/arm-atollic-eabi/4.8.3/../../../../arm-atollic-eabi/lib/armv7-m\libc.a(lib_a-memmove.o)
 .debug_frame   0x000028b8       0x3c d:/programs/stm/truestudio for arm 5.4.0/armtools/bin/../lib/gcc/arm-atollic-eabi/4.8.3/../../../../arm-atollic-eabi/lib/armv7-m\libc.a(lib_a-reallocr.o)
 .debug_frame   0x000028f4       0x48 d:/programs/stm/truestudio for arm 5.4.0/armtools/bin/../lib/gcc/arm-atollic-eabi/4.8.3/../../../../arm-atollic-eabi/lib/armv7-m\libc.a(lib_a-reent.o)
 .debug_frame   0x0000293c       0x58 d:/programs/stm/truestudio for arm 5.4.0/armtools/bin/../lib/gcc/arm-atollic-eabi/4.8.3/armv7-m\libgcc.a(bpabi.o)
 .debug_frame   0x00002994       0x34 d:/programs/stm/truestudio for arm 5.4.0/armtools/bin/../lib/gcc/arm-atollic-eabi/4.8.3/armv7-m\libgcc.a(_divdi3.o)
 .debug_frame   0x000029c8       0x34 d:/programs/stm/truestudio for arm 5.4.0/armtools/bin/../lib/gcc/arm-atollic-eabi/4.8.3/armv7-m\libgcc.a(_udivdi3.o)

Cross Reference Table

Symbol                                            File
ADC1_IRQHandler                                   Application\User\stm32f1xx_it.o
ADC_ConversionStop_Disable                        Drivers\STM32F1xx_HAL_Driver\stm32f1xx_hal_adc.o
                                                  Drivers\STM32F1xx_HAL_Driver\stm32f1xx_hal_adc_ex.o
ADC_DMAConvCplt                                   Drivers\STM32F1xx_HAL_Driver\stm32f1xx_hal_adc.o
ADC_DMAError                                      Drivers\STM32F1xx_HAL_Driver\stm32f1xx_hal_adc.o
ADC_DMAHalfConvCplt                               Drivers\STM32F1xx_HAL_Driver\stm32f1xx_hal_adc.o
ADC_Enable                                        Drivers\STM32F1xx_HAL_Driver\stm32f1xx_hal_adc.o
                                                  Drivers\STM32F1xx_HAL_Driver\stm32f1xx_hal_adc_ex.o
AHBPrescTable                                     Drivers\CMSIS\system_stm32f1xx.o
BusFault_Handler                                  Application\TrueSTUDIO\startup_stm32f100xb.o
CEC_IRQHandler                                    Application\TrueSTUDIO\startup_stm32f100xb.o
DAC_DMAConvCpltCh1                                Drivers\STM32F1xx_HAL_Driver\stm32f1xx_hal_dac.o
                                                  Drivers\STM32F1xx_HAL_Driver\stm32f1xx_hal_dac_ex.o
DAC_DMAConvCpltCh2                                Drivers\STM32F1xx_HAL_Driver\stm32f1xx_hal_dac_ex.o
                                                  Drivers\STM32F1xx_HAL_Driver\stm32f1xx_hal_dac.o
DAC_DMAErrorCh1                                   Drivers\STM32F1xx_HAL_Driver\stm32f1xx_hal_dac.o
                                                  Drivers\STM32F1xx_HAL_Driver\stm32f1xx_hal_dac_ex.o
DAC_DMAErrorCh2                                   Drivers\STM32F1xx_HAL_Driver\stm32f1xx_hal_dac_ex.o
                                                  Drivers\STM32F1xx_HAL_Driver\stm32f1xx_hal_dac.o
DAC_DMAHalfConvCpltCh1                            Drivers\STM32F1xx_HAL_Driver\stm32f1xx_hal_dac.o
                                                  Drivers\STM32F1xx_HAL_Driver\stm32f1xx_hal_dac_ex.o
DAC_DMAHalfConvCpltCh2                            Drivers\STM32F1xx_HAL_Driver\stm32f1xx_hal_dac_ex.o
                                                  Drivers\STM32F1xx_HAL_Driver\stm32f1xx_hal_dac.o
DMA1_Channel1_IRQHandler                          Application\User\stm32f1xx_it.o
DMA1_Channel2_IRQHandler                          Application\TrueSTUDIO\startup_stm32f100xb.o
DMA1_Channel3_IRQHandler                          Application\TrueSTUDIO\startup_stm32f100xb.o
DMA1_Channel4_IRQHandler                          Application\TrueSTUDIO\startup_stm32f100xb.o
DMA1_Channel5_IRQHandler                          Application\User\stm32f1xx_it.o
DMA1_Channel6_IRQHandler                          Application\TrueSTUDIO\startup_stm32f100xb.o
DMA1_Channel7_IRQHandler                          Application\TrueSTUDIO\startup_stm32f100xb.o
DebugMon_Handler                                  Application\TrueSTUDIO\startup_stm32f100xb.o
Default_Handler                                   Application\TrueSTUDIO\startup_stm32f100xb.o
EXTI0_IRQHandler                                  Application\User\stm32f1xx_it.o
EXTI15_10_IRQHandler                              Application\TrueSTUDIO\startup_stm32f100xb.o
EXTI1_IRQHandler                                  Application\TrueSTUDIO\startup_stm32f100xb.o
EXTI2_IRQHandler                                  Application\TrueSTUDIO\startup_stm32f100xb.o
EXTI3_IRQHandler                                  Application\TrueSTUDIO\startup_stm32f100xb.o
EXTI4_IRQHandler                                  Application\TrueSTUDIO\startup_stm32f100xb.o
EXTI9_5_IRQHandler                                Application\TrueSTUDIO\startup_stm32f100xb.o
Error_Handler                                     Application\User\main.o
FLASH_IRQHandler                                  Application\TrueSTUDIO\startup_stm32f100xb.o
FLASH_PageErase                                   Drivers\STM32F1xx_HAL_Driver\stm32f1xx_hal_flash_ex.o
                                                  Drivers\STM32F1xx_HAL_Driver\stm32f1xx_hal_flash.o
FLASH_WaitForLastOperation                        Drivers\STM32F1xx_HAL_Driver\stm32f1xx_hal_flash.o
                                                  Drivers\STM32F1xx_HAL_Driver\stm32f1xx_hal_flash_ex.o
HAL_ADCEx_Calibration_Start                       Drivers\STM32F1xx_HAL_Driver\stm32f1xx_hal_adc_ex.o
HAL_ADCEx_InjectedConfigChannel                   Drivers\STM32F1xx_HAL_Driver\stm32f1xx_hal_adc_ex.o
HAL_ADCEx_InjectedConvCpltCallback                Drivers\STM32F1xx_HAL_Driver\stm32f1xx_hal_adc_ex.o
                                                  Drivers\STM32F1xx_HAL_Driver\stm32f1xx_hal_adc.o
HAL_ADCEx_InjectedGetValue                        Drivers\STM32F1xx_HAL_Driver\stm32f1xx_hal_adc_ex.o
HAL_ADCEx_InjectedPollForConversion               Drivers\STM32F1xx_HAL_Driver\stm32f1xx_hal_adc_ex.o
HAL_ADCEx_InjectedStart                           Drivers\STM32F1xx_HAL_Driver\stm32f1xx_hal_adc_ex.o